[backblue.gif]
[fade.gif]
[index.html]
[themesbox.in/admin-templates/soyuz/html/rtl-light-vertical/assets/images/favicon.ico]
[themesbox.in/admin-templates/soyuz/html/rtl-light-vertical/crm-clients.html]
[themesbox.in/admin-templates/soyuz/html/rtl-light-vertical/assets/plugins/switchery/switchery.min.css]
[themesbox.in/admin-templates/soyuz/html/rtl-light-vertical/assets/css/bootstrap.min.css]
[themesbox.in/admin-templates/soyuz/html/rtl-light-vertical/assets/css/icons.css]
[themesbox.in/admin-templates/soyuz/html/rtl-light-vertical/assets/css/flag-icon.min.css]
[themesbox.in/admin-templates/soyuz/html/rtl-light-vertical/assets/css/style.css]
[themesbox.in/admin-templates/soyuz/html/rtl-light-vertical/assets/images/svg-icon/close.svg]
[themesbox.in/admin-templates/soyuz/html/rtl-light-vertical/assets/images/users/boy.svg]
[themesbox.in/admin-templates/soyuz/html/rtl-light-vertical/assets/images/users/women.svg]
[themesbox.in/admin-templates/soyuz/html/rtl-light-vertical/assets/images/users/men.svg]
[themesbox.in/admin-templates/soyuz/html/rtl-light-vertical/index.html]
[themesbox.in/admin-templates/soyuz/html/rtl-light-vertical/assets/images/small_logo.svg]
[themesbox.in/admin-templates/soyuz/html/rtl-light-vertical/assets/images/svg-icon/crm.svg]
[themesbox.in/admin-templates/soyuz/html/rtl-light-vertical/assets/images/svg-icon/ecommerce.svg]
[themesbox.in/admin-templates/soyuz/html/rtl-light-vertical/assets/images/svg-icon/hospital.svg]
[themesbox.in/admin-templates/soyuz/html/rtl-light-vertical/assets/images/svg-icon/ui-kits.svg]
[themesbox.in/admin-templates/soyuz/html/rtl-light-vertical/assets/images/svg-icon/pages.svg]
[themesbox.in/admin-templates/soyuz/html/rtl-light-vertical/assets/images/logo.svg]
[themesbox.in/admin-templates/soyuz/html/rtl-light-vertical/assets/images/svg-icon/dashboard.svg]
[themesbox.in/admin-templates/soyuz/html/rtl-light-vertical/crm-projects.html]
[themesbox.in/admin-templates/soyuz/html/rtl-light-vertical/assets/images/svg-icon/reports.svg]
[themesbox.in/admin-templates/soyuz/html/rtl-light-vertical/crm-lead-status.html]
[themesbox.in/admin-templates/soyuz/html/rtl-light-vertical/assets/images/svg-icon/charts.svg]
[themesbox.in/admin-templates/soyuz/html/rtl-light-vertical/assets/images/svg-icon/customers.svg]
[themesbox.in/admin-templates/soyuz/html/rtl-light-vertical/dashboard-ecommerce.html]
[themesbox.in/admin-templates/soyuz/html/rtl-light-vertical/assets/images/svg-icon/frontend.svg]
[themesbox.in/admin-templates/soyuz/html/rtl-light-vertical/ecommerce-shop.html]
[themesbox.in/admin-templates/soyuz/html/rtl-light-vertical/ecommerce-single-product.html]
[themesbox.in/admin-templates/soyuz/html/rtl-light-vertical/ecommerce-cart.html]
[themesbox.in/admin-templates/soyuz/html/rtl-light-vertical/ecommerce-checkout.html]
[themesbox.in/admin-templates/soyuz/html/rtl-light-vertical/ecommerce-thankyou.html]
[themesbox.in/admin-templates/soyuz/html/rtl-light-vertical/ecommerce-myaccount.html]
[themesbox.in/admin-templates/soyuz/html/rtl-light-vertical/assets/images/svg-icon/backend.svg]
[themesbox.in/admin-templates/soyuz/html/rtl-light-vertical/ecommerce-product-list.html]
[themesbox.in/admin-templates/soyuz/html/rtl-light-vertical/ecommerce-product-detail.html]
[themesbox.in/admin-templates/soyuz/html/rtl-light-vertical/ecommerce-order-list.html]
[themesbox.in/admin-templates/soyuz/html/rtl-light-vertical/ecommerce-order-detail.html]
[themesbox.in/admin-templates/soyuz/html/rtl-light-vertical/assets/js/jquery.min.js]
[themesbox.in/admin-templates/soyuz/html/rtl-light-vertical/assets/js/popper.min.js]
[themesbox.in/admin-templates/soyuz/html/rtl-light-vertical/assets/js/bootstrap.min.js]
[themesbox.in/admin-templates/soyuz/html/rtl-light-vertical/assets/js/detect.js]
[themesbox.in/admin-templates/soyuz/html/rtl-light-vertical/assets/js/modernizr.min.js]
[themesbox.in/admin-templates/soyuz/html/rtl-light-vertical/assets/js/jquery.slimscroll.js]
[themesbox.in/admin-templates/soyuz/html/rtl-light-vertical/assets/js/vertical-menu.js]
[themesbox.in/admin-templates/soyuz/html/rtl-light-vertical/dashboard-hospital.html]
[themesbox.in/admin-templates/soyuz/html/rtl-light-vertical/hospital-appointment.html]
[themesbox.in/admin-templates/soyuz/html/rtl-light-vertical/assets/plugins/switchery/switchery.min.js]
[themesbox.in/admin-templates/soyuz/html/rtl-light-vertical/assets/images/svg-icon/calender.svg]
[themesbox.in/admin-templates/soyuz/html/rtl-light-vertical/assets/js/core.js]
[themesbox.in/admin-templates/soyuz/html/rtl-light-vertical/assets/fonts/fontawesome-webfont3e6e.eot]
[themesbox.in/admin-templates/soyuz/html/rtl-light-vertical/assets/fonts/fontawesome-webfontd41d.eot]
[themesbox.in/admin-templates/soyuz/html/rtl-light-vertical/hospital-doctor.html]
[themesbox.in/admin-templates/soyuz/html/rtl-light-vertical/assets/fonts/fontawesome-webfont3e6e.woff2]
[themesbox.in/admin-templates/soyuz/html/rtl-light-vertical/assets/fonts/fontawesome-webfont3e6e.woff]
[themesbox.in/admin-templates/soyuz/html/rtl-light-vertical/assets/images/svg-icon/doctor.svg]
[themesbox.in/admin-templates/soyuz/html/rtl-light-vertical/assets/fonts/fontawesome-webfont3e6e.ttf]
[themesbox.in/admin-templates/soyuz/html/rtl-light-vertical/assets/fonts/materialdesignicons-webfont5ba3.eot]
[themesbox.in/admin-templates/soyuz/html/rtl-light-vertical/hospital-patient.html]
[themesbox.in/admin-templates/soyuz/html/rtl-light-vertical/assets/fonts/materialdesignicons-webfontd41d.eot]
[themesbox.in/admin-templates/soyuz/html/rtl-light-vertical/assets/fonts/materialdesignicons-webfont5ba3.woff2]
[themesbox.in/admin-templates/soyuz/html/rtl-light-vertical/assets/fonts/materialdesignicons-webfont5ba3.woff]
[themesbox.in/admin-templates/soyuz/html/rtl-light-vertical/assets/images/svg-icon/basic.svg]
[themesbox.in/admin-templates/soyuz/html/rtl-light-vertical/assets/fonts/materialdesignicons-webfont5ba3.ttf]
[themesbox.in/admin-templates/soyuz/html/rtl-light-vertical/basic-ui-kits-alerts.html]
[themesbox.in/admin-templates/soyuz/html/rtl-light-vertical/assets/fonts/themify9f24.eot]
[themesbox.in/admin-templates/soyuz/html/rtl-light-vertical/assets/fonts/themifyd41d.eot]
[themesbox.in/admin-templates/soyuz/html/rtl-light-vertical/basic-ui-kits-badges.html]
[themesbox.in/admin-templates/soyuz/html/rtl-light-vertical/assets/fonts/themify9f24.woff]
[themesbox.in/admin-templates/soyuz/html/rtl-light-vertical/basic-ui-kits-buttons.html]
[themesbox.in/admin-templates/soyuz/html/rtl-light-vertical/assets/fonts/themify9f24.ttf]
[themesbox.in/admin-templates/soyuz/html/rtl-light-vertical/assets/fonts/dripicons-v2.eot]
[themesbox.in/admin-templates/soyuz/html/rtl-light-vertical/assets/fonts/dripicons-v2d41d.eot]
[themesbox.in/admin-templates/soyuz/html/rtl-light-vertical/assets/fonts/dripicons-v2.woff]
[themesbox.in/admin-templates/soyuz/html/rtl-light-vertical/assets/fonts/dripicons-v2.ttf]
[themesbox.in/admin-templates/soyuz/html/rtl-light-vertical/assets/fonts/Simple-Line-Iconsb26c.eot]
[themesbox.in/admin-templates/soyuz/html/rtl-light-vertical/assets/fonts/Simple-Line-Iconsb26c.woff2]
[themesbox.in/admin-templates/soyuz/html/rtl-light-vertical/basic-ui-kits-cards.html]
[themesbox.in/admin-templates/soyuz/html/rtl-light-vertical/basic-ui-kits-carousel.html]
[themesbox.in/admin-templates/soyuz/html/rtl-light-vertical/assets/fonts/Simple-Line-Iconsb26c.ttf]
[themesbox.in/admin-templates/soyuz/html/rtl-light-vertical/basic-ui-kits-collapse.html]
[themesbox.in/admin-templates/soyuz/html/rtl-light-vertical/assets/fonts/Simple-Line-Iconsb26c.woff]
[themesbox.in/admin-templates/soyuz/html/rtl-light-vertical/assets/fonts/typicons.eot]
[themesbox.in/admin-templates/soyuz/html/rtl-light-vertical/assets/fonts/typiconsd41d.eot]
[themesbox.in/admin-templates/soyuz/html/rtl-light-vertical/basic-ui-kits-dropdowns.html]
[themesbox.in/admin-templates/soyuz/html/rtl-light-vertical/assets/fonts/typicons.ttf]
[themesbox.in/admin-templates/soyuz/html/rtl-light-vertical/assets/fonts/typicons.woff]
[themesbox.in/admin-templates/soyuz/html/rtl-light-vertical/basic-ui-kits-embeds.html]
[themesbox.in/admin-templates/soyuz/html/rtl-light-vertical/assets/fonts/ionicons2117.eot]
[themesbox.in/admin-templates/soyuz/html/rtl-light-vertical/basic-ui-kits-grids.html]
[themesbox.in/admin-templates/soyuz/html/rtl-light-vertical/assets/fonts/ionicons2117.woff2]
[themesbox.in/admin-templates/soyuz/html/rtl-light-vertical/assets/fonts/ionicons2117.woff]
[themesbox.in/admin-templates/soyuz/html/rtl-light-vertical/assets/fonts/ionicons2117.ttf]
[themesbox.in/admin-templates/soyuz/html/rtl-light-vertical/assets/fonts/line-awesomeeb4f.eot]
[themesbox.in/admin-templates/soyuz/html/rtl-light-vertical/assets/fonts/line-awesome0176.eot]
[themesbox.in/admin-templates/soyuz/html/rtl-light-vertical/basic-ui-kits-images.html]
[themesbox.in/admin-templates/soyuz/html/rtl-light-vertical/basic-ui-kits-media.html]
[themesbox.in/admin-templates/soyuz/html/rtl-light-vertical/assets/fonts/line-awesomeeb4f.woff2]
[themesbox.in/admin-templates/soyuz/html/rtl-light-vertical/assets/fonts/line-awesomeeb4f.woff]
[themesbox.in/admin-templates/soyuz/html/rtl-light-vertical/assets/fonts/line-awesomeeb4f.ttf]
[themesbox.in/admin-templates/soyuz/html/rtl-light-vertical/assets/fonts/feathere8ab.eot]
[themesbox.in/admin-templates/soyuz/html/rtl-light-vertical/assets/fonts/feathere8ab.woff]
[themesbox.in/admin-templates/soyuz/html/rtl-light-vertical/assets/fonts/feathere8ab.ttf]
[themesbox.in/admin-templates/soyuz/html/rtl-light-vertical/basic-ui-kits-modals.html]
[themesbox.in/admin-templates/soyuz/html/rtl-light-vertical/basic-ui-kits-paginations.html]
[themesbox.in/admin-templates/soyuz/html/rtl-light-vertical/assets/fonts/Socicon397f.eot]
[themesbox.in/admin-templates/soyuz/html/rtl-light-vertical/basic-ui-kits-popovers.html]
[themesbox.in/admin-templates/soyuz/html/rtl-light-vertical/assets/fonts/Socicon397f.woff2]
[themesbox.in/admin-templates/soyuz/html/rtl-light-vertical/assets/fonts/Socicon397f.ttf]
[themesbox.in/admin-templates/soyuz/html/rtl-light-vertical/basic-ui-kits-progressbars.html]
[themesbox.in/admin-templates/soyuz/html/rtl-light-vertical/assets/fonts/Socicon397f.woff]
[themesbox.in/admin-templates/soyuz/html/rtl-light-vertical/basic-ui-kits-spinners.html]
[themesbox.in/admin-templates/soyuz/html/rtl-light-vertical/basic-ui-kits-tabs.html]
[themesbox.in/admin-templates/soyuz/html/rtl-light-vertical/basic-ui-kits-toasts.html]
[themesbox.in/admin-templates/soyuz/html/rtl-light-vertical/basic-ui-kits-tooltips.html]
[themesbox.in/admin-templates/soyuz/html/rtl-light-vertical/basic-ui-kits-typography.html]
[themesbox.in/admin-templates/soyuz/html/rtl-light-vertical/assets/images/svg-icon/advanced.svg]
[themesbox.in/admin-templates/soyuz/html/rtl-light-vertical/advanced-ui-kits-image-crop.html]
[themesbox.in/admin-templates/soyuz/html/rtl-light-vertical/advanced-ui-kits-jquery-confirm.html]
[themesbox.in/admin-templates/soyuz/html/rtl-light-vertical/advanced-ui-kits-nestable.html]
[themesbox.in/admin-templates/soyuz/html/rtl-light-vertical/advanced-ui-kits-pnotify.html]
[themesbox.in/admin-templates/soyuz/html/rtl-light-vertical/advanced-ui-kits-range-slider.html]
[themesbox.in/admin-templates/soyuz/html/rtl-light-vertical/advanced-ui-kits-ratings.html]
[themesbox.in/admin-templates/soyuz/html/rtl-light-vertical/advanced-ui-kits-session-timeout.html]
[themesbox.in/admin-templates/soyuz/html/rtl-light-vertical/advanced-ui-kits-sweet-alerts.html]
[themesbox.in/admin-templates/soyuz/html/rtl-light-vertical/advanced-ui-kits-switchery.html]
[themesbox.in/admin-templates/soyuz/html/rtl-light-vertical/advanced-ui-kits-toolbar.html]
[themesbox.in/admin-templates/soyuz/html/rtl-light-vertical/assets/plugins/product-tour/product-tour.min.js]
[themesbox.in/admin-templates/soyuz/html/rtl-light-vertical/assets/js/custom/custom-tour.js]
[themesbox.in/admin-templates/soyuz/html/rtl-light-vertical/advanced-ui-kits-tour.html]
[themesbox.in/admin-templates/soyuz/html/rtl-light-vertical/assets/plugins/jstree/jstree.min.js]
[themesbox.in/admin-templates/soyuz/html/rtl-light-vertical/assets/js/custom/custom-jstree.js]
[themesbox.in/admin-templates/soyuz/html/rtl-light-vertical/advanced-ui-kits-treeview.html]
[themesbox.in/admin-templates/soyuz/html/rtl-light-vertical/assets/images/svg-icon/apps.svg]
[themesbox.in/admin-templates/soyuz/html/rtl-light-vertical/assets/plugins/jquery-ui/jquery-ui.min.js]
[themesbox.in/admin-templates/soyuz/html/rtl-light-vertical/assets/plugins/moment/moment.js]
[themesbox.in/admin-templates/soyuz/html/rtl-light-vertical/assets/plugins/fullcalendar/js/fullcalendar.min.js]
[themesbox.in/admin-templates/soyuz/html/rtl-light-vertical/assets/js/custom/custom-calender.js]
[themesbox.in/admin-templates/soyuz/html/rtl-light-vertical/apps-calender.html]
[themesbox.in/admin-templates/soyuz/html/rtl-light-vertical/assets/js/custom/custom-chat.js]
[themesbox.in/admin-templates/soyuz/html/rtl-light-vertical/apps-chat.html]
[themesbox.in/admin-templates/soyuz/html/rtl-light-vertical/apps-email-inbox.html]
[themesbox.in/admin-templates/soyuz/html/rtl-light-vertical/assets/images/email/file-attached-1.jpg]
[themesbox.in/admin-templates/soyuz/html/rtl-light-vertical/assets/images/email/file-attached-2.jpg]
[themesbox.in/admin-templates/soyuz/html/rtl-light-vertical/apps-email-open.html]
[themesbox.in/admin-templates/soyuz/html/rtl-light-vertical/assets/js/custom/custom-email.381.delayed]
[themesbox.in/admin-templates/soyuz/html/rtl-light-vertical/apps-email-compose.html]
[themesbox.in/admin-templates/soyuz/html/rtl-light-vertical/assets/js/custom/custom-kanban.js]
[themesbox.in/admin-templates/soyuz/html/rtl-light-vertical/apps-kanban-board.html]
[themesbox.in/admin-templates/soyuz/html/rtl-light-vertical/assets/js/custom/custom-onboarding-screens.js]
[themesbox.in/admin-templates/soyuz/html/rtl-light-vertical/apps-onboarding-screens.html]
[themesbox.in/admin-templates/soyuz/html/rtl-light-vertical/assets/images/svg-icon/forms.svg]
[themesbox.in/admin-templates/soyuz/html/rtl-light-vertical/form-inputs.html]
[themesbox.in/admin-templates/soyuz/html/rtl-light-vertical/form-groups.html]
[themesbox.in/admin-templates/soyuz/html/rtl-light-vertical/form-layouts.html]
[themesbox.in/admin-templates/soyuz/html/rtl-light-vertical/assets/plugins/colorpicker/bootstrap-colorpicker.js]
[themesbox.in/admin-templates/soyuz/html/rtl-light-vertical/assets/js/custom/custom-form-colorpicker.js]
[themesbox.in/admin-templates/soyuz/html/rtl-light-vertical/form-colorpickers.html]
[themesbox.in/admin-templates/soyuz/html/rtl-light-vertical/assets/plugins/datepicker/datepicker.min.js]
[themesbox.in/admin-templates/soyuz/html/rtl-light-vertical/assets/plugins/datepicker/i18n/datepicker.en.js]
[themesbox.in/admin-templates/soyuz/html/rtl-light-vertical/assets/js/custom/custom-form-datepicker.js]
[themesbox.in/admin-templates/soyuz/html/rtl-light-vertical/form-datepickers.html]
[themesbox.in/admin-templates/soyuz/html/rtl-light-vertical/assets/plugins/tinymce/tinymce.min.391.delayed]
[themesbox.in/admin-templates/soyuz/html/rtl-light-vertical/assets/plugins/code-mirror/codemirror.js]
[themesbox.in/admin-templates/soyuz/html/rtl-light-vertical/assets/plugins/code-mirror/htmlmixed.js]
[themesbox.in/admin-templates/soyuz/html/rtl-light-vertical/assets/plugins/code-mirror/css.js]
[themesbox.in/admin-templates/soyuz/html/rtl-light-vertical/assets/plugins/code-mirror/javascript.js]
[themesbox.in/admin-templates/soyuz/html/rtl-light-vertical/assets/plugins/code-mirror/xml.js]
[themesbox.in/admin-templates/soyuz/html/rtl-light-vertical/assets/js/custom/custom-form-editor.js]
[themesbox.in/admin-templates/soyuz/html/rtl-light-vertical/form-editors.html]
[themesbox.in/admin-templates/soyuz/html/rtl-light-vertical/form-file-uploads.html]
[themesbox.in/admin-templates/soyuz/html/rtl-light-vertical/assets/plugins/bootstrap-inputmask/jquery.inputmask.bundle.min.js]
[themesbox.in/admin-templates/soyuz/html/rtl-light-vertical/assets/js/custom/custom-form-inputmask.js]
[themesbox.in/admin-templates/soyuz/html/rtl-light-vertical/form-input-mask.html]
[themesbox.in/admin-templates/soyuz/html/rtl-light-vertical/assets/plugins/bootstrap-maxlength/bootstrap-maxlength.js]
[themesbox.in/admin-templates/soyuz/html/rtl-light-vertical/assets/js/custom/custom-form-maxlength.js]
[themesbox.in/admin-templates/soyuz/html/rtl-light-vertical/form-maxlength.html]
[themesbox.in/admin-templates/soyuz/html/rtl-light-vertical/assets/plugins/select2/select2.min.js]
[themesbox.in/admin-templates/soyuz/html/rtl-light-vertical/assets/plugins/bootstrap-tagsinput/bootstrap-tagsinput.min.js]
[themesbox.in/admin-templates/soyuz/html/rtl-light-vertical/assets/plugins/bootstrap-tagsinput/typeahead.bundle.js]
[themesbox.in/admin-templates/soyuz/html/rtl-light-vertical/assets/js/custom/custom-form-select.js]
[themesbox.in/admin-templates/soyuz/html/rtl-light-vertical/form-selects.html]
[themesbox.in/admin-templates/soyuz/html/rtl-light-vertical/assets/plugins/bootstrap-touchspin/jquery.bootstrap-touchspin.min.js]
[themesbox.in/admin-templates/soyuz/html/rtl-light-vertical/assets/js/custom/custom-form-touchspin.js]
[themesbox.in/admin-templates/soyuz/html/rtl-light-vertical/form-touchspin.html]
[themesbox.in/admin-templates/soyuz/html/rtl-light-vertical/assets/plugins/validatejs/validate.min.3a6.delayed]
[themesbox.in/admin-templates/soyuz/html/rtl-light-vertical/assets/js/custom/custom-validate.js]
[themesbox.in/admin-templates/soyuz/html/rtl-light-vertical/assets/js/custom/custom-form-validation.js]
[themesbox.in/admin-templates/soyuz/html/rtl-light-vertical/form-validations.html]
[themesbox.in/admin-templates/soyuz/html/rtl-light-vertical/form-wizards.html]
[themesbox.in/admin-templates/soyuz/html/rtl-light-vertical/assets/plugins/bootstrap-xeditable/js/bootstrap-editable.min.js]
[themesbox.in/admin-templates/soyuz/html/rtl-light-vertical/assets/js/custom/custom-form-xeditable.js]
[themesbox.in/admin-templates/soyuz/html/rtl-light-vertical/form-xeditable.html]
[themesbox.in/admin-templates/soyuz/html/rtl-light-vertical/assets/js/custom/custom-chart-apex.js]
[themesbox.in/admin-templates/soyuz/html/rtl-light-vertical/chart-apex.html]
[themesbox.in/admin-templates/soyuz/html/rtl-light-vertical/assets/plugins/d3/d3.min.js]
[themesbox.in/admin-templates/soyuz/html/rtl-light-vertical/assets/plugins/c3/c3.min.js]
[themesbox.in/admin-templates/soyuz/html/rtl-light-vertical/assets/js/custom/custom-chart-c3.js]
[themesbox.in/admin-templates/soyuz/html/rtl-light-vertical/chart-c3.html]
[themesbox.in/admin-templates/soyuz/html/rtl-light-vertical/assets/plugins/chartist-js/chartist.min.js]
[themesbox.in/admin-templates/soyuz/html/rtl-light-vertical/assets/plugins/chartist-js/chartist-plugin-tooltip.min.js]
[themesbox.in/admin-templates/soyuz/html/rtl-light-vertical/assets/js/custom/custom-chart-chartistjs.js]
[themesbox.in/admin-templates/soyuz/html/rtl-light-vertical/chart-chartistjs.html]
[themesbox.in/admin-templates/soyuz/html/rtl-light-vertical/assets/plugins/chart.js/chart.min.js]
[themesbox.in/admin-templates/soyuz/html/rtl-light-vertical/assets/plugins/chart.js/chart-bundle.min.js]
[themesbox.in/admin-templates/soyuz/html/rtl-light-vertical/assets/js/custom/custom-chart-chartjs.js]
[themesbox.in/admin-templates/soyuz/html/rtl-light-vertical/chart-chartjs.html]
[themesbox.in/admin-templates/soyuz/html/rtl-light-vertical/assets/plugins/flot-chart/jquery.flot.min.js]
[themesbox.in/admin-templates/soyuz/html/rtl-light-vertical/assets/plugins/flot-chart/jquery.flot.tooltip.min.js]
[themesbox.in/admin-templates/soyuz/html/rtl-light-vertical/assets/plugins/flot-chart/jquery.colorhelpers.js]
[themesbox.in/admin-templates/soyuz/html/rtl-light-vertical/assets/plugins/flot-chart/jquery.flot.categories.js]
[themesbox.in/admin-templates/soyuz/html/rtl-light-vertical/assets/plugins/flot-chart/jquery.flot.errorbars.js]
[themesbox.in/admin-templates/soyuz/html/rtl-light-vertical/assets/plugins/flot-chart/jquery.flot.fillbetween.js]
[themesbox.in/admin-templates/soyuz/html/rtl-light-vertical/assets/plugins/flot-chart/jquery.flot.image.js]
[themesbox.in/admin-templates/soyuz/html/rtl-light-vertical/assets/plugins/flot-chart/jquery.flot.navigate.js]
[themesbox.in/admin-templates/soyuz/html/rtl-light-vertical/assets/plugins/flot-chart/jquery.flot.orderBars.min.js]
[themesbox.in/admin-templates/soyuz/html/rtl-light-vertical/assets/plugins/flot-chart/jquery.flot.pie.js]
[themesbox.in/admin-templates/soyuz/html/rtl-light-vertical/assets/plugins/flot-chart/jquery.flot.resize.js]
[themesbox.in/admin-templates/soyuz/html/rtl-light-vertical/assets/plugins/flot-chart/jquery.flot.selection.js]
[themesbox.in/admin-templates/soyuz/html/rtl-light-vertical/assets/plugins/flot-chart/jquery.flot.stack.js]
[themesbox.in/admin-templates/soyuz/html/rtl-light-vertical/assets/plugins/flot-chart/jquery.flot.symbol.js]
[themesbox.in/admin-templates/soyuz/html/rtl-light-vertical/assets/plugins/flot-chart/jquery.flot.threshold.js]
[themesbox.in/admin-templates/soyuz/html/rtl-light-vertical/assets/plugins/flot-chart/jquery.flot.time.js]
[themesbox.in/admin-templates/soyuz/html/rtl-light-vertical/assets/plugins/flot-chart/jquery.flot.canvas.js]
[themesbox.in/admin-templates/soyuz/html/rtl-light-vertical/assets/plugins/flot-chart/curvedLines.js]
[themesbox.in/admin-templates/soyuz/html/rtl-light-vertical/assets/plugins/flot-chart/jquery.flot.crosshair.js]
[themesbox.in/admin-templates/soyuz/html/rtl-light-vertical/assets/js/custom/custom-chart-flot.js]
[themesbox.in/admin-templates/soyuz/html/rtl-light-vertical/chart-flot.html]
[themesbox.in/admin-templates/soyuz/html/rtl-light-vertical/chart-knob.html]
[themesbox.in/admin-templates/soyuz/html/rtl-light-vertical/chart-morris.html]
[themesbox.in/admin-templates/soyuz/html/rtl-light-vertical/chart-piety.html]
[themesbox.in/admin-templates/soyuz/html/rtl-light-vertical/chart-sparkline.html]
[themesbox.in/admin-templates/soyuz/html/rtl-light-vertical/assets/images/svg-icon/icons.svg]
[themesbox.in/admin-templates/soyuz/html/rtl-light-vertical/icon-svg.html]
[themesbox.in/admin-templates/soyuz/html/rtl-light-vertical/icon-dripicons.html]
[themesbox.in/admin-templates/soyuz/html/rtl-light-vertical/icon-feather.html]
[themesbox.in/admin-templates/soyuz/html/rtl-light-vertical/icon-flag.html]
[themesbox.in/admin-templates/soyuz/html/rtl-light-vertical/icon-font-awesome.html]
[themesbox.in/admin-templates/soyuz/html/rtl-light-vertical/icon-ionicons.html]
[themesbox.in/admin-templates/soyuz/html/rtl-light-vertical/icon-line-awesome.html]
[themesbox.in/admin-templates/soyuz/html/rtl-light-vertical/icon-material-design.html]
[themesbox.in/admin-templates/soyuz/html/rtl-light-vertical/icon-simple-line.html]
[themesbox.in/admin-templates/soyuz/html/rtl-light-vertical/icon-socicon.html]
[themesbox.in/admin-templates/soyuz/html/rtl-light-vertical/icon-themify.html]
[themesbox.in/admin-templates/soyuz/html/rtl-light-vertical/icon-typicons.html]
[themesbox.in/admin-templates/soyuz/html/rtl-light-vertical/assets/images/svg-icon/tables.svg]
[themesbox.in/admin-templates/soyuz/html/rtl-light-vertical/table-bootstrap.html]
[themesbox.in/admin-templates/soyuz/html/rtl-light-vertical/table-datatable.html]
[themesbox.in/admin-templates/soyuz/html/rtl-light-vertical/table-editable.html]
[themesbox.in/admin-templates/soyuz/html/rtl-light-vertical/table-footable.html]
[themesbox.in/admin-templates/soyuz/html/rtl-light-vertical/table-rwdtable.html]
[themesbox.in/admin-templates/soyuz/html/rtl-light-vertical/assets/images/svg-icon/maps.svg]
[themesbox.in/admin-templates/soyuz/html/rtl-light-vertical/map-google.html]
[themesbox.in/admin-templates/soyuz/html/rtl-light-vertical/map-vector.html]
[themesbox.in/admin-templates/soyuz/html/rtl-light-vertical/widgets.html]
[themesbox.in/admin-templates/soyuz/html/rtl-light-vertical/assets/images/svg-icon/widgets.svg]
[themesbox.in/admin-templates/soyuz/html/rtl-light-vertical/assets/images/svg-icon/basic_page.svg]
[themesbox.in/admin-templates/soyuz/html/rtl-light-vertical/page-starter.html]
[themesbox.in/admin-templates/soyuz/html/rtl-light-vertical/page-blog.html]
[themesbox.in/admin-templates/soyuz/html/rtl-light-vertical/page-faq.html]
[themesbox.in/admin-templates/soyuz/html/rtl-light-vertical/page-gallery.html]
[themesbox.in/admin-templates/soyuz/html/rtl-light-vertical/page-invoice.html]
[themesbox.in/admin-templates/soyuz/html/rtl-light-vertical/page-pricing.html]
[themesbox.in/admin-templates/soyuz/html/rtl-light-vertical/page-timeline.html]
[themesbox.in/admin-templates/soyuz/html/rtl-light-vertical/assets/images/svg-icon/authentication.svg]
[themesbox.in/admin-templates/soyuz/html/rtl-light-vertical/user-login.html]
[themesbox.in/admin-templates/soyuz/html/rtl-light-vertical/user-register.html]
[themesbox.in/admin-templates/soyuz/html/rtl-light-vertical/user-forgotpsw.html]
[themesbox.in/admin-templates/soyuz/html/rtl-light-vertical/user-lock-screen.html]
[themesbox.in/admin-templates/soyuz/html/rtl-light-vertical/error-comingsoon.html]
[themesbox.in/admin-templates/soyuz/html/rtl-light-vertical/error-maintenance.html]
[themesbox.in/admin-templates/soyuz/html/rtl-light-vertical/error-404.html]
[themesbox.in/admin-templates/soyuz/html/rtl-light-vertical/error-500.html]
[themesbox.in/admin-templates/soyuz/html/rtl-light-vertical/assets/fonts/ionicons6c3c.eot]
[themesbox.in/admin-templates/soyuz/html/rtl-light-vertical/assets/fonts/ionicons6c3c.woff2]
[themesbox.in/admin-templates/soyuz/html/rtl-light-vertical/assets/fonts/ionicons6c3c.woff]
[themesbox.in/admin-templates/soyuz/html/rtl-light-vertical/assets/images/svg-icon/horizontal.svg]
[themesbox.in/admin-templates/soyuz/html/rtl-light-vertical/assets/fonts/ionicons6c3c.ttf]
[themesbox.in/admin-templates/soyuz/html/rtl-light-vertical/assets/images/svg-icon/verticle.svg]
[themesbox.in/admin-templates/soyuz/html/rtl-light-vertical/assets/plugins/ion-rangeSlider/sprite-skin-flat.png]
[themesbox.in/admin-templates/soyuz/html/rtl-light-vertical/assets/images/svg-icon/menu.svg]
[themesbox.in/admin-templates/soyuz/html/rtl-light-vertical/assets/images/svg-icon/search.svg]
[themesbox.in/admin-templates/soyuz/html/rtl-light-vertical/assets/images/svg-icon/settings.svg]
[themesbox.in/admin-templates/soyuz/html/rtl-light-vertical/assets/plugins/apexcharts/apexcharts.min.js]
[themesbox.in/admin-templates/soyuz/html/rtl-light-vertical/assets/images/svg-icon/notifications.svg]
[themesbox.in/admin-templates/soyuz/html/rtl-light-vertical/assets/plugins/apexcharts/irregular-data-series.js]
[themesbox.in/admin-templates/soyuz/html/rtl-light-vertical/assets/plugins/slick/slick.min.js]
[themesbox.in/admin-templates/soyuz/html/rtl-light-vertical/assets/images/users/profile.svg]
[themesbox.in/admin-templates/soyuz/html/rtl-light-vertical/assets/plugins/jvectormap/jquery-jvectormap-2.0.2.min.js]
[themesbox.in/admin-templates/soyuz/html/rtl-light-vertical/assets/plugins/jvectormap/jquery-jvectormap-world-mill-en.js]
[themesbox.in/admin-templates/soyuz/html/rtl-light-vertical/assets/images/svg-icon/email.svg]
[themesbox.in/admin-templates/soyuz/html/rtl-light-vertical/assets/js/custom/custom-dashboard.js]
[themesbox.in/admin-templates/soyuz/html/rtl-light-vertical/assets/plugins/peity/jquery.peity.min.js]
[themesbox.in/admin-templates/soyuz/html/rtl-light-vertical/assets/js/custom/custom-crm-projects.js]
[themesbox.in/admin-templates/soyuz/html/rtl-light-vertical/assets/images/svg-icon/logout.svg]
[themesbox.in/admin-templates/soyuz/html/rtl-light-vertical/assets/plugins/dragula/dragula.min.js]
[themesbox.in/admin-templates/soyuz/html/rtl-light-vertical/assets/images/users/girl.svg]
[themesbox.in/admin-templates/soyuz/html/rtl-light-vertical/assets/js/custom/custom-crm-lead.js]
[themesbox.in/admin-templates/soyuz/html/rtl-light-vertical/assets/fonts/fontawesome-webfont3e6e.svg]
[themesbox.in/admin-templates/soyuz/html/rtl-light-vertical/assets/images/ecommerce/product_img_01.jpg]
[themesbox.in/admin-templates/soyuz/html/rtl-light-vertical/assets/images/ecommerce/product_img_02.jpg]
[themesbox.in/admin-templates/soyuz/html/rtl-light-vertical/assets/images/ecommerce/product_img_03.jpg]
[themesbox.in/admin-templates/soyuz/html/rtl-light-vertical/assets/js/custom/custom-dashboard-ecommerce.js]
[themesbox.in/admin-templates/soyuz/html/rtl-light-vertical/assets/fonts/materialdesignicons-webfont5ba3.svg]
[themesbox.in/admin-templates/soyuz/html/rtl-light-vertical/assets/images/ecommerce/product_img_04.jpg]
[themesbox.in/admin-templates/soyuz/html/rtl-light-vertical/assets/fonts/themify9f24.svg]
[themesbox.in/admin-templates/soyuz/html/rtl-light-vertical/assets/images/ecommerce/product_img_05.jpg]
[themesbox.in/admin-templates/soyuz/html/rtl-light-vertical/assets/images/ecommerce/product_img_06.jpg]
[themesbox.in/admin-templates/soyuz/html/rtl-light-vertical/assets/fonts/dripicons-v2.svg]
[themesbox.in/admin-templates/soyuz/html/rtl-light-vertical/assets/plugins/ion-rangeSlider/ion.rangeSlider.min.js]
[themesbox.in/admin-templates/soyuz/html/rtl-light-vertical/assets/js/custom/custom-ecommerce-shop-page.js]
[themesbox.in/admin-templates/soyuz/html/rtl-light-vertical/assets/fonts/Simple-Line-Iconsb26c.svg]
[themesbox.in/admin-templates/soyuz/html/rtl-light-vertical/assets/js/custom/custom-ecommerce-single-product.js]
[themesbox.in/admin-templates/soyuz/html/rtl-light-vertical/assets/fonts/typicons.svg]
[themesbox.in/admin-templates/soyuz/html/rtl-light-vertical/assets/plugins/jquery-step/jquery.steps.min.js]
[themesbox.in/admin-templates/soyuz/html/rtl-light-vertical/assets/js/custom/custom-form-wizard.js]
[themesbox.in/admin-templates/soyuz/html/rtl-light-vertical/assets/fonts/ionicons2117.svg]
[themesbox.in/admin-templates/soyuz/html/rtl-light-vertical/assets/plugins/creditcard/card.js]
[themesbox.in/admin-templates/soyuz/html/rtl-light-vertical/assets/js/custom/custom-creditcard.js]
[themesbox.in/admin-templates/soyuz/html/rtl-light-vertical/assets/fonts/line-awesomeeb4f.svg]
[themesbox.in/admin-templates/soyuz/html/rtl-light-vertical/assets/fonts/feathere8ab.svg]
[themesbox.in/admin-templates/soyuz/html/rtl-light-vertical/assets/js/custom/custom-ecommerce-myaccount.js]
[themesbox.in/admin-templates/soyuz/html/rtl-light-vertical/assets/fonts/Socicon397f.svg]
[themesbox.in/admin-templates/soyuz/html/rtl-light-vertical/assets/flags/4x3/ad.svg]
[themesbox.in/admin-templates/soyuz/html/rtl-light-vertical/assets/plugins/datatables/jquery.dataTables.min.js]
[themesbox.in/admin-templates/soyuz/html/rtl-light-vertical/assets/plugins/datatables/dataTables.bootstrap4.min.js]
[themesbox.in/admin-templates/soyuz/html/rtl-light-vertical/assets/plugins/datatables/dataTables.buttons.min.js]
[themesbox.in/admin-templates/soyuz/html/rtl-light-vertical/assets/flags/1x1/ad.svg]
[themesbox.in/admin-templates/soyuz/html/rtl-light-vertical/assets/plugins/datatables/buttons.bootstrap4.min.js]
[themesbox.in/admin-templates/soyuz/html/rtl-light-vertical/assets/plugins/datatables/jszip.min.js]
[themesbox.in/admin-templates/soyuz/html/rtl-light-vertical/assets/plugins/datatables/pdfmake.min.js]
[themesbox.in/admin-templates/soyuz/html/rtl-light-vertical/assets/flags/4x3/ae.svg]
[themesbox.in/admin-templates/soyuz/html/rtl-light-vertical/assets/plugins/datatables/vfs_fonts.js]
[themesbox.in/admin-templates/soyuz/html/rtl-light-vertical/assets/plugins/datatables/buttons.html5.min.js]
[themesbox.in/admin-templates/soyuz/html/rtl-light-vertical/assets/flags/1x1/ae.svg]
[themesbox.in/admin-templates/soyuz/html/rtl-light-vertical/assets/plugins/datatables/buttons.print.min.js]
[themesbox.in/admin-templates/soyuz/html/rtl-light-vertical/assets/plugins/datatables/buttons.colVis.min.js]
[themesbox.in/admin-templates/soyuz/html/rtl-light-vertical/assets/plugins/datatables/dataTables.responsive.min.js]
[themesbox.in/admin-templates/soyuz/html/rtl-light-vertical/assets/flags/4x3/af.svg]
[themesbox.in/admin-templates/soyuz/html/rtl-light-vertical/assets/plugins/datatables/responsive.bootstrap4.min.js]
[themesbox.in/admin-templates/soyuz/html/rtl-light-vertical/assets/flags/1x1/af.svg]
[themesbox.in/admin-templates/soyuz/html/rtl-light-vertical/assets/images/ecommerce/product_gallery_01.jpg]
[themesbox.in/admin-templates/soyuz/html/rtl-light-vertical/assets/images/ecommerce/product_gallery_02.jpg]
[themesbox.in/admin-templates/soyuz/html/rtl-light-vertical/assets/flags/4x3/ag.svg]
[themesbox.in/admin-templates/soyuz/html/rtl-light-vertical/assets/images/ecommerce/product_gallery_03.jpg]
[themesbox.in/admin-templates/soyuz/html/rtl-light-vertical/assets/plugins/summernote/summernote-bs4.min.js]
[themesbox.in/admin-templates/soyuz/html/rtl-light-vertical/assets/plugins/dropzone/dist/dropzone.js]
[themesbox.in/admin-templates/soyuz/html/rtl-light-vertical/assets/flags/1x1/ag.svg]
[themesbox.in/admin-templates/soyuz/html/rtl-light-vertical/assets/js/custom/custom-ecommerce-product-detail-page.js]
[themesbox.in/admin-templates/soyuz/html/rtl-light-vertical/assets/js/custom/custom-ecommerce-order-detail-page.js]
[themesbox.in/admin-templates/soyuz/html/rtl-light-vertical/assets/flags/4x3/ai.svg]
[themesbox.in/admin-templates/soyuz/html/rtl-light-vertical/assets/js/custom/custom-dashboard-hospital.js]
[themesbox.in/admin-templates/soyuz/html/rtl-light-vertical/assets/images/ui-cards/ui-cards-1.jpg]
[themesbox.in/admin-templates/soyuz/html/rtl-light-vertical/assets/flags/1x1/ai.svg]
[themesbox.in/admin-templates/soyuz/html/rtl-light-vertical/assets/images/ui-cards/ui-cards-2.jpg]
[themesbox.in/admin-templates/soyuz/html/rtl-light-vertical/assets/images/ui-cards/ui-cards-3.jpg]
[themesbox.in/admin-templates/soyuz/html/rtl-light-vertical/assets/images/ui-cards/ui-cards-4.jpg]
[themesbox.in/admin-templates/soyuz/html/rtl-light-vertical/assets/flags/4x3/al.svg]
[themesbox.in/admin-templates/soyuz/html/rtl-light-vertical/assets/images/ui-cards/ui-cards-5.jpg]
[themesbox.in/admin-templates/soyuz/html/rtl-light-vertical/assets/images/ui-cards/ui-cards-6.jpg]
[themesbox.in/admin-templates/soyuz/html/rtl-light-vertical/assets/images/ui-cards/ui-cards-7.jpg]
[themesbox.in/admin-templates/soyuz/html/rtl-light-vertical/assets/flags/1x1/al.svg]
[themesbox.in/admin-templates/soyuz/html/rtl-light-vertical/assets/images/ui-cards/ui-cards-8.jpg]
[themesbox.in/admin-templates/soyuz/html/rtl-light-vertical/assets/images/ui-cards/ui-cards-9.jpg]
[themesbox.in/admin-templates/soyuz/html/rtl-light-vertical/assets/flags/4x3/am.svg]
[themesbox.in/admin-templates/soyuz/html/rtl-light-vertical/assets/images/ui-cards/ui-cards-10.jpg]
[themesbox.in/admin-templates/soyuz/html/rtl-light-vertical/assets/images/ui-cards/ui-cards-11.jpg]
[themesbox.in/admin-templates/soyuz/html/rtl-light-vertical/assets/images/ui-cards/ui-cards-12.jpg]
[themesbox.in/admin-templates/soyuz/html/rtl-light-vertical/assets/flags/1x1/am.svg]
[themesbox.in/admin-templates/soyuz/html/rtl-light-vertical/assets/images/ui-cards/ui-cards-13.jpg]
[themesbox.in/admin-templates/soyuz/html/rtl-light-vertical/assets/images/ui-cards/ui-cards-14.jpg]
[themesbox.in/admin-templates/soyuz/html/rtl-light-vertical/assets/images/ui-cards/ui-cards-15.jpg]
[themesbox.in/admin-templates/soyuz/html/rtl-light-vertical/assets/flags/4x3/ao.svg]
[themesbox.in/admin-templates/soyuz/html/rtl-light-vertical/assets/images/ui-cards/ui-cards-16.jpg]
[themesbox.in/admin-templates/soyuz/html/rtl-light-vertical/assets/images/ui-cards/ui-cards-17.jpg]
[themesbox.in/admin-templates/soyuz/html/rtl-light-vertical/assets/flags/1x1/ao.svg]
[themesbox.in/admin-templates/soyuz/html/rtl-light-vertical/assets/images/ui-cards/ui-cards-18.jpg]
[themesbox.in/admin-templates/soyuz/html/rtl-light-vertical/assets/images/ui-carousel/ui-carousel-1.jpg]
[themesbox.in/admin-templates/soyuz/html/rtl-light-vertical/assets/images/ui-carousel/ui-carousel-2.jpg]
[themesbox.in/admin-templates/soyuz/html/rtl-light-vertical/assets/flags/4x3/aq.svg]
[themesbox.in/admin-templates/soyuz/html/rtl-light-vertical/assets/images/ui-carousel/ui-carousel-3.jpg]
[themesbox.in/admin-templates/soyuz/html/rtl-light-vertical/assets/images/ui-carousel/ui-carousel-4.jpg]
[themesbox.in/admin-templates/soyuz/html/rtl-light-vertical/assets/images/ui-carousel/ui-carousel-5.jpg]
[themesbox.in/admin-templates/soyuz/html/rtl-light-vertical/assets/flags/1x1/aq.svg]
[themesbox.in/admin-templates/soyuz/html/rtl-light-vertical/assets/images/ui-carousel/ui-carousel-6.jpg]
[themesbox.in/admin-templates/soyuz/html/rtl-light-vertical/assets/images/ui-carousel/ui-carousel-7.jpg]
[themesbox.in/admin-templates/soyuz/html/rtl-light-vertical/assets/flags/4x3/ar.svg]
[themesbox.in/admin-templates/soyuz/html/rtl-light-vertical/assets/images/ui-carousel/ui-carousel-8.jpg]
[themesbox.in/admin-templates/soyuz/html/rtl-light-vertical/assets/images/ui-carousel/ui-carousel-9.jpg]
[themesbox.in/admin-templates/soyuz/html/rtl-light-vertical/assets/images/ui-carousel/ui-carousel-10.jpg]
[themesbox.in/admin-templates/soyuz/html/rtl-light-vertical/assets/flags/1x1/ar.svg]
[themesbox.in/admin-templates/soyuz/html/rtl-light-vertical/assets/images/ui-carousel/ui-carousel-11.jpg]
[themesbox.in/admin-templates/soyuz/html/rtl-light-vertical/assets/images/ui-carousel/ui-carousel-12.jpg]
[themesbox.in/admin-templates/soyuz/html/rtl-light-vertical/assets/images/ui-carousel/ui-carousel-13.jpg]
[themesbox.in/admin-templates/soyuz/html/rtl-light-vertical/assets/flags/4x3/as.svg]
[themesbox.in/admin-templates/soyuz/html/rtl-light-vertical/assets/images/ui-carousel/ui-carousel-14.jpg]
[themesbox.in/admin-templates/soyuz/html/rtl-light-vertical/assets/images/ui-carousel/ui-carousel-15.jpg]
[themesbox.in/admin-templates/soyuz/html/rtl-light-vertical/assets/flags/1x1/as.svg]
[themesbox.in/admin-templates/soyuz/html/rtl-light-vertical/assets/images/ui-carousel/ui-carousel-16.jpg]
[themesbox.in/admin-templates/soyuz/html/rtl-light-vertical/assets/images/ui-carousel/ui-carousel-17.jpg]
[themesbox.in/admin-templates/soyuz/html/rtl-light-vertical/assets/images/ui-carousel/ui-carousel-18.jpg]
[themesbox.in/admin-templates/soyuz/html/rtl-light-vertical/assets/flags/4x3/at.svg]
[themesbox.in/admin-templates/soyuz/html/rtl-light-vertical/assets/images/ui-images/image-thumbnail.jpg]
[themesbox.in/admin-templates/soyuz/html/rtl-light-vertical/assets/images/ui-images/image-rounded.jpg]
[themesbox.in/admin-templates/soyuz/html/rtl-light-vertical/assets/images/ui-images/image-circle.jpg]
[themesbox.in/admin-templates/soyuz/html/rtl-light-vertical/assets/flags/1x1/at.svg]
[themesbox.in/admin-templates/soyuz/html/rtl-light-vertical/assets/images/ui-images/image-left.jpg]
[themesbox.in/admin-templates/soyuz/html/rtl-light-vertical/assets/images/ui-images/image-center.jpg]
[themesbox.in/admin-templates/soyuz/html/rtl-light-vertical/assets/flags/4x3/au.svg]
[themesbox.in/admin-templates/soyuz/html/rtl-light-vertical/assets/images/ui-images/image-right.jpg]
[themesbox.in/admin-templates/soyuz/html/rtl-light-vertical/assets/images/ui-images/image-responsive.jpg]
[themesbox.in/admin-templates/soyuz/html/rtl-light-vertical/assets/flags/1x1/au.svg]
[themesbox.in/admin-templates/soyuz/html/rtl-light-vertical/assets/js/custom/custom-model.js]
[themesbox.in/admin-templates/soyuz/html/rtl-light-vertical/assets/js/custom/custom-toasts.js]
[themesbox.in/admin-templates/soyuz/html/rtl-light-vertical/assets/flags/4x3/aw.svg]
[themesbox.in/admin-templates/soyuz/html/rtl-light-vertical/assets/images/general/image-crop.jpg]
[themesbox.in/admin-templates/soyuz/html/rtl-light-vertical/assets/flags/1x1/aw.svg]
[themesbox.in/admin-templates/soyuz/html/rtl-light-vertical/assets/plugins/cropperjs/cropper.js]
[themesbox.in/admin-templates/soyuz/html/rtl-light-vertical/assets/plugins/cropperjs/main.js]
[themesbox.in/admin-templates/soyuz/html/rtl-light-vertical/assets/flags/4x3/ax.svg]
[themesbox.in/admin-templates/soyuz/html/rtl-light-vertical/assets/plugins/jquery-confirm/js/jquery-confirm.js]
[themesbox.in/admin-templates/soyuz/html/rtl-light-vertical/assets/js/custom/custom-jquery-confirm.js]
[themesbox.in/admin-templates/soyuz/html/rtl-light-vertical/assets/flags/1x1/ax.svg]
[themesbox.in/admin-templates/soyuz/html/rtl-light-vertical/assets/plugins/nestable/jquery.nestable.min.js]
[themesbox.in/admin-templates/soyuz/html/rtl-light-vertical/assets/js/custom/custom-nestable.js]
[themesbox.in/admin-templates/soyuz/html/rtl-light-vertical/assets/flags/4x3/az.svg]
[themesbox.in/admin-templates/soyuz/html/rtl-light-vertical/assets/plugins/pnotify/js/pnotify.custom.min.js]
[themesbox.in/admin-templates/soyuz/html/rtl-light-vertical/assets/js/custom/custom-pnotify.js]
[themesbox.in/admin-templates/soyuz/html/rtl-light-vertical/assets/flags/1x1/az.svg]
[themesbox.in/admin-templates/soyuz/html/rtl-light-vertical/assets/js/custom/custom-range-slider.js]
[themesbox.in/admin-templates/soyuz/html/rtl-light-vertical/assets/plugins/jquery-bar-rating/jquery.barrating.min.js]
[themesbox.in/admin-templates/soyuz/html/rtl-light-vertical/assets/js/custom/custom-barrating.js]
[themesbox.in/admin-templates/soyuz/html/rtl-light-vertical/assets/flags/4x3/ba.svg]
[themesbox.in/admin-templates/soyuz/html/rtl-light-vertical/assets/plugins/bootstrap-session-timeout/js/bootstrap-session-timeout.min.js]
[themesbox.in/admin-templates/soyuz/html/rtl-light-vertical/assets/js/custom/custom-session-timeout.js]
[themesbox.in/admin-templates/soyuz/html/rtl-light-vertical/assets/flags/1x1/ba.svg]
[themesbox.in/admin-templates/soyuz/html/rtl-light-vertical/assets/plugins/sweet-alert2/sweetalert2.min.js]
[themesbox.in/admin-templates/soyuz/html/rtl-light-vertical/assets/js/custom/custom-sweet-alert.js]
[themesbox.in/admin-templates/soyuz/html/rtl-light-vertical/assets/flags/4x3/bb.svg]
[themesbox.in/admin-templates/soyuz/html/rtl-light-vertical/assets/js/custom/custom-switchery.js]
[themesbox.in/admin-templates/soyuz/html/rtl-light-vertical/assets/plugins/toolbar/jquery.toolbar.min.js]
[themesbox.in/admin-templates/soyuz/html/rtl-light-vertical/assets/flags/1x1/bb.svg]
[themesbox.in/admin-templates/soyuz/html/rtl-light-vertical/assets/js/custom/custom-toolbar.js]
[themesbox.in/admin-templates/soyuz/html/rtl-light-vertical/assets/flags/4x3/bd.svg]
[themesbox.in/admin-templates/soyuz/html/rtl-light-vertical/assets/plugins/jquery-knob/excanvas.js]
[themesbox.in/admin-templates/soyuz/html/rtl-light-vertical/assets/plugins/jquery-knob/jquery.knob.min.js]
[themesbox.in/admin-templates/soyuz/html/rtl-light-vertical/assets/js/custom/custom-chart-knob.js]
[themesbox.in/admin-templates/soyuz/html/rtl-light-vertical/assets/flags/1x1/bd.svg]
[themesbox.in/admin-templates/soyuz/html/rtl-light-vertical/assets/plugins/morris/morris.min.js]
[themesbox.in/admin-templates/soyuz/html/rtl-light-vertical/assets/plugins/raphael/raphael-min.js]
[themesbox.in/admin-templates/soyuz/html/rtl-light-vertical/assets/flags/4x3/be.svg]
[themesbox.in/admin-templates/soyuz/html/rtl-light-vertical/assets/js/custom/custom-chart-morris.js]
[themesbox.in/admin-templates/soyuz/html/rtl-light-vertical/assets/js/custom/custom-chart-piety.js]
[themesbox.in/admin-templates/soyuz/html/rtl-light-vertical/assets/flags/1x1/be.svg]
[themesbox.in/admin-templates/soyuz/html/rtl-light-vertical/assets/plugins/jquery-sparkline/jquery.sparkline.min.js]
[themesbox.in/admin-templates/soyuz/html/rtl-light-vertical/assets/js/custom/custom-chart-sparkline.js]
[themesbox.in/admin-templates/soyuz/html/rtl-light-vertical/assets/js/custom/custom-table-datatable.js]
[themesbox.in/admin-templates/soyuz/html/rtl-light-vertical/assets/flags/4x3/bf.svg]
[themesbox.in/admin-templates/soyuz/html/rtl-light-vertical/assets/plugins/tabledit/jquery.tabledit.js]
[themesbox.in/admin-templates/soyuz/html/rtl-light-vertical/assets/js/custom/custom-table-editable.js]
[themesbox.in/admin-templates/soyuz/html/rtl-light-vertical/assets/flags/1x1/bf.svg]
[themesbox.in/admin-templates/soyuz/html/rtl-light-vertical/assets/plugins/footable/js/footable.min.js]
[themesbox.in/admin-templates/soyuz/html/rtl-light-vertical/assets/js/custom/custom-table-footable.js]
[themesbox.in/admin-templates/soyuz/html/rtl-light-vertical/assets/flags/4x3/bg.svg]
[themesbox.in/admin-templates/soyuz/html/rtl-light-vertical/assets/plugins/rwd-table-patterns/rwd-table.min.js]
[themesbox.in/admin-templates/soyuz/html/rtl-light-vertical/assets/js/custom/custom-table-rwd.js]
[themesbox.in/admin-templates/soyuz/html/rtl-light-vertical/assets/flags/1x1/bg.svg]
[themesbox.in/admin-templates/soyuz/html/rtl-light-vertical/assets/plugins/gmaps/gmaps.min.js]
[themesbox.in/admin-templates/soyuz/html/rtl-light-vertical/assets/js/custom/custom-gmaps.js]
[themesbox.in/admin-templates/soyuz/html/rtl-light-vertical/assets/plugins/jvectormap/gdp-data.js]
[themesbox.in/admin-templates/soyuz/html/rtl-light-vertical/assets/flags/4x3/bh.svg]
[themesbox.in/admin-templates/soyuz/html/rtl-light-vertical/assets/plugins/jvectormap/jquery-jvectormap-us-aea-en.js]
[themesbox.in/admin-templates/soyuz/html/rtl-light-vertical/assets/plugins/jvectormap/jquery-jvectormap-in-mill.js]
[themesbox.in/admin-templates/soyuz/html/rtl-light-vertical/assets/flags/1x1/bh.svg]
[themesbox.in/admin-templates/soyuz/html/rtl-light-vertical/assets/plugins/jvectormap/jquery-jvectormap-au-mill.js]
[themesbox.in/admin-templates/soyuz/html/rtl-light-vertical/assets/plugins/jvectormap/jquery-jvectormap-ar-mill.js]
[themesbox.in/admin-templates/soyuz/html/rtl-light-vertical/assets/plugins/jvectormap/jquery-jvectormap-ru-mill.js]
[themesbox.in/admin-templates/soyuz/html/rtl-light-vertical/assets/flags/4x3/bi.svg]
[themesbox.in/admin-templates/soyuz/html/rtl-light-vertical/assets/plugins/jvectormap/jquery-jvectormap-za-mill.js]
[themesbox.in/admin-templates/soyuz/html/rtl-light-vertical/assets/js/custom/custom-jvectormap.js]
[themesbox.in/admin-templates/soyuz/html/rtl-light-vertical/assets/js/custom/custom-widgets.js]
[themesbox.in/admin-templates/soyuz/html/rtl-light-vertical/assets/flags/1x1/bi.svg]
[themesbox.in/admin-templates/soyuz/html/rtl-light-vertical/assets/images/blog/blog-1.jpg]
[themesbox.in/admin-templates/soyuz/html/rtl-light-vertical/assets/images/blog/blog-2.jpg]
[themesbox.in/admin-templates/soyuz/html/rtl-light-vertical/assets/flags/4x3/bj.svg]
[themesbox.in/admin-templates/soyuz/html/rtl-light-vertical/assets/images/blog/blog-3.jpg]
[themesbox.in/admin-templates/soyuz/html/rtl-light-vertical/assets/images/blog/blog-4.jpg]
[themesbox.in/admin-templates/soyuz/html/rtl-light-vertical/assets/images/blog/blog-5.jpg]
[themesbox.in/admin-templates/soyuz/html/rtl-light-vertical/assets/flags/1x1/bj.svg]
[themesbox.in/admin-templates/soyuz/html/rtl-light-vertical/assets/images/blog/blog-6.jpg]
[themesbox.in/admin-templates/soyuz/html/rtl-light-vertical/assets/images/gallery/gallery-1.jpg]
[themesbox.in/admin-templates/soyuz/html/rtl-light-vertical/assets/images/gallery/gallery-2.jpg]
[themesbox.in/admin-templates/soyuz/html/rtl-light-vertical/assets/flags/4x3/bl.svg]
[themesbox.in/admin-templates/soyuz/html/rtl-light-vertical/assets/images/gallery/gallery-3.jpg]
[themesbox.in/admin-templates/soyuz/html/rtl-light-vertical/assets/images/gallery/gallery-4.jpg]
[themesbox.in/admin-templates/soyuz/html/rtl-light-vertical/assets/flags/1x1/bl.svg]
[themesbox.in/admin-templates/soyuz/html/rtl-light-vertical/assets/images/gallery/gallery-5.jpg]
[themesbox.in/admin-templates/soyuz/html/rtl-light-vertical/assets/images/gallery/gallery-6.jpg]
[themesbox.in/admin-templates/soyuz/html/rtl-light-vertical/assets/images/gallery/gallery-7.jpg]
[themesbox.in/admin-templates/soyuz/html/rtl-light-vertical/assets/flags/4x3/bm.svg]
[themesbox.in/admin-templates/soyuz/html/rtl-light-vertical/assets/images/gallery/gallery-8.jpg]
[themesbox.in/admin-templates/soyuz/html/rtl-light-vertical/assets/images/gallery/gallery-9.jpg]
[themesbox.in/admin-templates/soyuz/html/rtl-light-vertical/assets/images/gallery/gallery-10.jpg]
[themesbox.in/admin-templates/soyuz/html/rtl-light-vertical/assets/flags/1x1/bm.svg]
[themesbox.in/admin-templates/soyuz/html/rtl-light-vertical/assets/images/gallery/gallery-11.jpg]
[themesbox.in/admin-templates/soyuz/html/rtl-light-vertical/assets/images/gallery/gallery-12.jpg]
[themesbox.in/admin-templates/soyuz/html/rtl-light-vertical/assets/flags/4x3/bn.svg]
[themesbox.in/admin-templates/soyuz/html/rtl-light-vertical/assets/plugins/isotope/isotope.pkgd.min.js]
[themesbox.in/admin-templates/soyuz/html/rtl-light-vertical/assets/js/custom/custom-gallery.js]
[themesbox.in/admin-templates/soyuz/html/rtl-light-vertical/assets/flags/1x1/bn.svg]
[themesbox.in/admin-templates/soyuz/html/rtl-light-vertical/assets/flags/4x3/bo.svg]
[themesbox.in/admin-templates/soyuz/html/rtl-light-vertical/assets/plugins/vertical-timeline/vertical-timeline.js]
[themesbox.in/admin-templates/soyuz/html/rtl-light-vertical/assets/flags/1x1/bo.svg]
[themesbox.in/admin-templates/soyuz/html/rtl-light-vertical/assets/plugins/jquery-countdown/jquery.countdown.min.js]
[themesbox.in/admin-templates/soyuz/html/rtl-light-vertical/assets/js/custom/custom-comingsoon.js]
[themesbox.in/admin-templates/soyuz/html/rtl-light-vertical/assets/flags/4x3/bq.svg]
[themesbox.in/admin-templates/soyuz/html/rtl-light-vertical/assets/flags/1x1/bq.svg]
[themesbox.in/admin-templates/soyuz/html/rtl-light-vertical/assets/flags/4x3/br.svg]
[themesbox.in/admin-templates/soyuz/html/rtl-light-vertical/assets/flags/1x1/br.svg]
[themesbox.in/admin-templates/soyuz/html/rtl-light-vertical/assets/flags/4x3/bs.svg]
[themesbox.in/admin-templates/soyuz/html/rtl-light-vertical/assets/flags/1x1/bs.svg]
[themesbox.in/admin-templates/soyuz/html/rtl-light-vertical/assets/flags/4x3/bt.svg]
[themesbox.in/admin-templates/soyuz/html/rtl-light-vertical/assets/flags/1x1/bt.svg]
[themesbox.in/admin-templates/soyuz/html/rtl-light-vertical/assets/flags/4x3/bv.svg]
[themesbox.in/admin-templates/soyuz/html/rtl-light-vertical/assets/flags/1x1/bv.svg]
[themesbox.in/admin-templates/soyuz/html/rtl-light-vertical/assets/flags/4x3/bw.svg]
[themesbox.in/admin-templates/soyuz/html/rtl-light-vertical/assets/flags/1x1/bw.svg]
[themesbox.in/admin-templates/soyuz/html/rtl-light-vertical/assets/flags/4x3/by.svg]
[themesbox.in/admin-templates/soyuz/html/rtl-light-vertical/assets/flags/1x1/by.svg]
[themesbox.in/admin-templates/soyuz/html/rtl-light-vertical/assets/flags/4x3/bz.svg]
[themesbox.in/admin-templates/soyuz/html/rtl-light-vertical/assets/flags/1x1/bz.svg]
[themesbox.in/admin-templates/soyuz/html/rtl-light-vertical/assets/flags/4x3/ca.svg]
[themesbox.in/admin-templates/soyuz/html/rtl-light-vertical/assets/flags/1x1/ca.svg]
[themesbox.in/admin-templates/soyuz/html/rtl-light-vertical/assets/flags/4x3/cc.svg]
[themesbox.in/admin-templates/soyuz/html/rtl-light-vertical/assets/flags/1x1/cc.svg]
[themesbox.in/admin-templates/soyuz/html/rtl-light-vertical/assets/flags/4x3/cd.svg]
[themesbox.in/admin-templates/soyuz/html/rtl-light-vertical/assets/flags/1x1/cd.svg]
[themesbox.in/admin-templates/soyuz/html/rtl-light-vertical/assets/flags/4x3/cf.svg]
[themesbox.in/admin-templates/soyuz/html/rtl-light-vertical/assets/flags/1x1/cf.svg]
[themesbox.in/admin-templates/soyuz/html/rtl-light-vertical/assets/flags/4x3/cg.svg]
[themesbox.in/admin-templates/soyuz/html/rtl-light-vertical/assets/flags/1x1/cg.svg]
[themesbox.in/admin-templates/soyuz/html/rtl-light-vertical/assets/flags/4x3/ch.svg]
[themesbox.in/admin-templates/soyuz/html/rtl-light-vertical/assets/flags/1x1/ch.svg]
[themesbox.in/admin-templates/soyuz/html/rtl-light-vertical/assets/flags/4x3/ci.svg]
[themesbox.in/admin-templates/soyuz/html/rtl-light-vertical/assets/flags/1x1/ci.svg]
[themesbox.in/admin-templates/soyuz/html/rtl-light-vertical/assets/flags/4x3/ck.svg]
[themesbox.in/admin-templates/soyuz/html/rtl-light-vertical/assets/flags/1x1/ck.svg]
[themesbox.in/admin-templates/soyuz/html/rtl-light-vertical/assets/flags/4x3/cl.svg]
[themesbox.in/admin-templates/soyuz/html/rtl-light-vertical/assets/flags/1x1/cl.svg]
[themesbox.in/admin-templates/soyuz/html/rtl-light-vertical/assets/flags/4x3/cm.svg]
[themesbox.in/admin-templates/soyuz/html/rtl-light-vertical/assets/flags/1x1/cm.svg]
[themesbox.in/admin-templates/soyuz/html/rtl-light-vertical/assets/flags/4x3/cn.svg]
[themesbox.in/admin-templates/soyuz/html/rtl-light-vertical/assets/flags/1x1/cn.svg]
[themesbox.in/admin-templates/soyuz/html/rtl-light-vertical/assets/flags/4x3/co.svg]
[themesbox.in/admin-templates/soyuz/html/rtl-light-vertical/assets/flags/1x1/co.svg]
[themesbox.in/admin-templates/soyuz/html/rtl-light-vertical/assets/flags/4x3/cr.svg]
[themesbox.in/admin-templates/soyuz/html/rtl-light-vertical/assets/flags/1x1/cr.svg]
[themesbox.in/admin-templates/soyuz/html/rtl-light-vertical/assets/flags/4x3/cu.svg]
[themesbox.in/admin-templates/soyuz/html/rtl-light-vertical/assets/flags/1x1/cu.svg]
[themesbox.in/admin-templates/soyuz/html/rtl-light-vertical/assets/flags/4x3/cv.svg]
[themesbox.in/admin-templates/soyuz/html/rtl-light-vertical/assets/flags/1x1/cv.svg]
[themesbox.in/admin-templates/soyuz/html/rtl-light-vertical/assets/flags/4x3/cw.svg]
[themesbox.in/admin-templates/soyuz/html/rtl-light-vertical/assets/flags/1x1/cw.svg]
[themesbox.in/admin-templates/soyuz/html/rtl-light-vertical/assets/flags/4x3/cx.svg]
[themesbox.in/admin-templates/soyuz/html/rtl-light-vertical/assets/flags/1x1/cx.svg]
[themesbox.in/admin-templates/soyuz/html/rtl-light-vertical/assets/flags/4x3/cy.svg]
[themesbox.in/admin-templates/soyuz/html/rtl-light-vertical/assets/flags/1x1/cy.svg]
[themesbox.in/admin-templates/soyuz/html/rtl-light-vertical/assets/flags/4x3/cz.svg]
[themesbox.in/admin-templates/soyuz/html/rtl-light-vertical/assets/flags/1x1/cz.svg]
[themesbox.in/admin-templates/soyuz/html/rtl-light-vertical/assets/flags/4x3/de.svg]
[themesbox.in/admin-templates/soyuz/html/rtl-light-vertical/assets/flags/1x1/de.svg]
[themesbox.in/admin-templates/soyuz/html/rtl-light-vertical/assets/flags/4x3/dj.svg]
[themesbox.in/admin-templates/soyuz/html/rtl-light-vertical/assets/flags/1x1/dj.svg]
[themesbox.in/admin-templates/soyuz/html/rtl-light-vertical/assets/flags/4x3/dk.svg]
[themesbox.in/admin-templates/soyuz/html/rtl-light-vertical/assets/flags/1x1/dk.svg]
[themesbox.in/admin-templates/soyuz/html/rtl-light-vertical/assets/flags/4x3/dm.svg]
[themesbox.in/admin-templates/soyuz/html/rtl-light-vertical/assets/flags/1x1/dm.svg]
[themesbox.in/admin-templates/soyuz/html/rtl-light-vertical/assets/flags/4x3/do.svg]
[themesbox.in/admin-templates/soyuz/html/rtl-light-vertical/assets/flags/1x1/do.svg]
[themesbox.in/admin-templates/soyuz/html/rtl-light-vertical/assets/flags/4x3/dz.svg]
[themesbox.in/admin-templates/soyuz/html/rtl-light-vertical/assets/flags/1x1/dz.svg]
[themesbox.in/admin-templates/soyuz/html/rtl-light-vertical/assets/flags/4x3/ec.svg]
[themesbox.in/admin-templates/soyuz/html/rtl-light-vertical/assets/flags/1x1/ec.svg]
[themesbox.in/admin-templates/soyuz/html/rtl-light-vertical/assets/flags/4x3/ee.svg]
[themesbox.in/admin-templates/soyuz/html/rtl-light-vertical/assets/flags/1x1/ee.svg]
[themesbox.in/admin-templates/soyuz/html/rtl-light-vertical/assets/flags/4x3/eg.svg]
[themesbox.in/admin-templates/soyuz/html/rtl-light-vertical/assets/flags/1x1/eg.svg]
[themesbox.in/admin-templates/soyuz/html/rtl-light-vertical/assets/flags/4x3/eh.svg]
[themesbox.in/admin-templates/soyuz/html/rtl-light-vertical/assets/flags/1x1/eh.svg]
[themesbox.in/admin-templates/soyuz/html/rtl-light-vertical/assets/flags/4x3/er.svg]
[themesbox.in/admin-templates/soyuz/html/rtl-light-vertical/assets/flags/1x1/er.svg]
[themesbox.in/admin-templates/soyuz/html/rtl-light-vertical/assets/flags/4x3/es.svg]
[themesbox.in/admin-templates/soyuz/html/rtl-light-vertical/assets/flags/1x1/es.svg]
[themesbox.in/admin-templates/soyuz/html/rtl-light-vertical/assets/flags/4x3/et.svg]
[themesbox.in/admin-templates/soyuz/html/rtl-light-vertical/assets/flags/1x1/et.svg]
[themesbox.in/admin-templates/soyuz/html/rtl-light-vertical/assets/flags/4x3/fi.svg]
[themesbox.in/admin-templates/soyuz/html/rtl-light-vertical/assets/flags/1x1/fi.svg]
[themesbox.in/admin-templates/soyuz/html/rtl-light-vertical/assets/flags/4x3/fj.svg]
[themesbox.in/admin-templates/soyuz/html/rtl-light-vertical/assets/flags/1x1/fj.svg]
[themesbox.in/admin-templates/soyuz/html/rtl-light-vertical/assets/flags/4x3/fk.svg]
[themesbox.in/admin-templates/soyuz/html/rtl-light-vertical/assets/flags/1x1/fk.svg]
[themesbox.in/admin-templates/soyuz/html/rtl-light-vertical/assets/flags/4x3/fm.svg]
[themesbox.in/admin-templates/soyuz/html/rtl-light-vertical/assets/flags/1x1/fm.svg]
[themesbox.in/admin-templates/soyuz/html/rtl-light-vertical/assets/flags/4x3/fo.svg]
[themesbox.in/admin-templates/soyuz/html/rtl-light-vertical/assets/flags/1x1/fo.svg]
[themesbox.in/admin-templates/soyuz/html/rtl-light-vertical/assets/flags/4x3/fr.svg]
[themesbox.in/admin-templates/soyuz/html/rtl-light-vertical/assets/flags/1x1/fr.svg]
[themesbox.in/admin-templates/soyuz/html/rtl-light-vertical/assets/flags/4x3/ga.svg]
[themesbox.in/admin-templates/soyuz/html/rtl-light-vertical/assets/flags/1x1/ga.svg]
[themesbox.in/admin-templates/soyuz/html/rtl-light-vertical/assets/flags/4x3/gb.svg]
[themesbox.in/admin-templates/soyuz/html/rtl-light-vertical/assets/flags/1x1/gb.svg]
[themesbox.in/admin-templates/soyuz/html/rtl-light-vertical/assets/flags/4x3/gd.svg]
[themesbox.in/admin-templates/soyuz/html/rtl-light-vertical/assets/flags/1x1/gd.svg]
[themesbox.in/admin-templates/soyuz/html/rtl-light-vertical/assets/flags/4x3/ge.svg]
[themesbox.in/admin-templates/soyuz/html/rtl-light-vertical/assets/flags/1x1/ge.svg]
[themesbox.in/admin-templates/soyuz/html/rtl-light-vertical/assets/flags/4x3/gf.svg]
[themesbox.in/admin-templates/soyuz/html/rtl-light-vertical/assets/flags/1x1/gf.svg]
[themesbox.in/admin-templates/soyuz/html/rtl-light-vertical/assets/flags/4x3/gg.svg]
[themesbox.in/admin-templates/soyuz/html/rtl-light-vertical/assets/flags/1x1/gg.svg]
[themesbox.in/admin-templates/soyuz/html/rtl-light-vertical/assets/flags/4x3/gh.svg]
[themesbox.in/admin-templates/soyuz/html/rtl-light-vertical/assets/flags/1x1/gh.svg]
[themesbox.in/admin-templates/soyuz/html/rtl-light-vertical/assets/flags/4x3/gi.svg]
[themesbox.in/admin-templates/soyuz/html/rtl-light-vertical/assets/flags/1x1/gi.svg]
[themesbox.in/admin-templates/soyuz/html/rtl-light-vertical/assets/flags/4x3/gl.svg]
[themesbox.in/admin-templates/soyuz/html/rtl-light-vertical/assets/flags/1x1/gl.svg]
[themesbox.in/admin-templates/soyuz/html/rtl-light-vertical/assets/flags/4x3/gm.svg]
[themesbox.in/admin-templates/soyuz/html/rtl-light-vertical/assets/flags/1x1/gm.svg]
[themesbox.in/admin-templates/soyuz/html/rtl-light-vertical/assets/flags/4x3/gn.svg]
[themesbox.in/admin-templates/soyuz/html/rtl-light-vertical/assets/flags/1x1/gn.svg]
[themesbox.in/admin-templates/soyuz/html/rtl-light-vertical/assets/flags/4x3/gp.svg]
[themesbox.in/admin-templates/soyuz/html/rtl-light-vertical/assets/flags/1x1/gp.svg]
[themesbox.in/admin-templates/soyuz/html/rtl-light-vertical/assets/flags/4x3/gq.svg]
[themesbox.in/admin-templates/soyuz/html/rtl-light-vertical/assets/flags/1x1/gq.svg]
[themesbox.in/admin-templates/soyuz/html/rtl-light-vertical/assets/flags/4x3/gr.svg]
[themesbox.in/admin-templates/soyuz/html/rtl-light-vertical/assets/flags/1x1/gr.svg]
[themesbox.in/admin-templates/soyuz/html/rtl-light-vertical/assets/flags/4x3/gs.svg]
[themesbox.in/admin-templates/soyuz/html/rtl-light-vertical/assets/flags/1x1/gs.svg]
[themesbox.in/admin-templates/soyuz/html/rtl-light-vertical/assets/flags/4x3/gt.svg]
[themesbox.in/admin-templates/soyuz/html/rtl-light-vertical/assets/flags/1x1/gt.svg]
[themesbox.in/admin-templates/soyuz/html/rtl-light-vertical/assets/flags/4x3/gu.svg]
[themesbox.in/admin-templates/soyuz/html/rtl-light-vertical/assets/flags/1x1/gu.svg]
[themesbox.in/admin-templates/soyuz/html/rtl-light-vertical/assets/flags/4x3/gw.svg]
[themesbox.in/admin-templates/soyuz/html/rtl-light-vertical/assets/flags/1x1/gw.svg]
[themesbox.in/admin-templates/soyuz/html/rtl-light-vertical/assets/flags/4x3/gy.svg]
[themesbox.in/admin-templates/soyuz/html/rtl-light-vertical/assets/flags/1x1/gy.svg]
[themesbox.in/admin-templates/soyuz/html/rtl-light-vertical/assets/flags/4x3/hk.svg]
[themesbox.in/admin-templates/soyuz/html/rtl-light-vertical/assets/flags/1x1/hk.svg]
[themesbox.in/admin-templates/soyuz/html/rtl-light-vertical/assets/flags/4x3/hm.svg]
[themesbox.in/admin-templates/soyuz/html/rtl-light-vertical/assets/flags/1x1/hm.svg]
[themesbox.in/admin-templates/soyuz/html/rtl-light-vertical/assets/flags/4x3/hn.svg]
[themesbox.in/admin-templates/soyuz/html/rtl-light-vertical/assets/flags/1x1/hn.svg]
[themesbox.in/admin-templates/soyuz/html/rtl-light-vertical/assets/flags/4x3/hr.svg]
[themesbox.in/admin-templates/soyuz/html/rtl-light-vertical/assets/flags/1x1/hr.svg]
[themesbox.in/admin-templates/soyuz/html/rtl-light-vertical/assets/flags/4x3/ht.svg]
[themesbox.in/admin-templates/soyuz/html/rtl-light-vertical/assets/flags/1x1/ht.svg]
[themesbox.in/admin-templates/soyuz/html/rtl-light-vertical/assets/flags/4x3/hu.svg]
[themesbox.in/admin-templates/soyuz/html/rtl-light-vertical/assets/flags/1x1/hu.svg]
[themesbox.in/admin-templates/soyuz/html/rtl-light-vertical/assets/flags/4x3/id.svg]
[themesbox.in/admin-templates/soyuz/html/rtl-light-vertical/assets/flags/1x1/id.svg]
[themesbox.in/admin-templates/soyuz/html/rtl-light-vertical/assets/flags/4x3/ie.svg]
[themesbox.in/admin-templates/soyuz/html/rtl-light-vertical/assets/flags/1x1/ie.svg]
[themesbox.in/admin-templates/soyuz/html/rtl-light-vertical/assets/flags/4x3/il.svg]
[themesbox.in/admin-templates/soyuz/html/rtl-light-vertical/assets/flags/1x1/il.svg]
[themesbox.in/admin-templates/soyuz/html/rtl-light-vertical/assets/flags/4x3/im.svg]
[themesbox.in/admin-templates/soyuz/html/rtl-light-vertical/assets/flags/1x1/im.svg]
[themesbox.in/admin-templates/soyuz/html/rtl-light-vertical/assets/flags/4x3/in.svg]
[themesbox.in/admin-templates/soyuz/html/rtl-light-vertical/assets/flags/1x1/in.svg]
[themesbox.in/admin-templates/soyuz/html/rtl-light-vertical/assets/flags/4x3/io.svg]
[themesbox.in/admin-templates/soyuz/html/rtl-light-vertical/assets/flags/1x1/io.svg]
[themesbox.in/admin-templates/soyuz/html/rtl-light-vertical/assets/flags/4x3/iq.svg]
[themesbox.in/admin-templates/soyuz/html/rtl-light-vertical/assets/flags/1x1/iq.svg]
[themesbox.in/admin-templates/soyuz/html/rtl-light-vertical/assets/flags/4x3/ir.svg]
[themesbox.in/admin-templates/soyuz/html/rtl-light-vertical/assets/flags/1x1/ir.svg]
[themesbox.in/admin-templates/soyuz/html/rtl-light-vertical/assets/flags/4x3/is.svg]
[themesbox.in/admin-templates/soyuz/html/rtl-light-vertical/assets/flags/1x1/is.svg]
[themesbox.in/admin-templates/soyuz/html/rtl-light-vertical/assets/flags/4x3/it.svg]
[themesbox.in/admin-templates/soyuz/html/rtl-light-vertical/assets/flags/1x1/it.svg]
[themesbox.in/admin-templates/soyuz/html/rtl-light-vertical/assets/flags/4x3/je.svg]
[themesbox.in/admin-templates/soyuz/html/rtl-light-vertical/assets/flags/1x1/je.svg]
[themesbox.in/admin-templates/soyuz/html/rtl-light-vertical/assets/flags/4x3/jm.svg]
[themesbox.in/admin-templates/soyuz/html/rtl-light-vertical/assets/flags/1x1/jm.svg]
[themesbox.in/admin-templates/soyuz/html/rtl-light-vertical/assets/flags/4x3/jo.svg]
[themesbox.in/admin-templates/soyuz/html/rtl-light-vertical/assets/flags/1x1/jo.svg]
[themesbox.in/admin-templates/soyuz/html/rtl-light-vertical/assets/flags/4x3/jp.svg]
[themesbox.in/admin-templates/soyuz/html/rtl-light-vertical/assets/flags/1x1/jp.svg]
[themesbox.in/admin-templates/soyuz/html/rtl-light-vertical/assets/flags/4x3/ke.svg]
[themesbox.in/admin-templates/soyuz/html/rtl-light-vertical/assets/flags/1x1/ke.svg]
[themesbox.in/admin-templates/soyuz/html/rtl-light-vertical/assets/flags/4x3/kg.svg]
[themesbox.in/admin-templates/soyuz/html/rtl-light-vertical/assets/flags/1x1/kg.svg]
[themesbox.in/admin-templates/soyuz/html/rtl-light-vertical/assets/flags/4x3/kh.svg]
[themesbox.in/admin-templates/soyuz/html/rtl-light-vertical/assets/flags/1x1/kh.svg]
[themesbox.in/admin-templates/soyuz/html/rtl-light-vertical/assets/flags/4x3/ki.svg]
[themesbox.in/admin-templates/soyuz/html/rtl-light-vertical/assets/flags/1x1/ki.svg]
[themesbox.in/admin-templates/soyuz/html/rtl-light-vertical/assets/flags/4x3/km.svg]
[themesbox.in/admin-templates/soyuz/html/rtl-light-vertical/assets/flags/1x1/km.svg]
[themesbox.in/admin-templates/soyuz/html/rtl-light-vertical/assets/flags/4x3/kn.svg]
[themesbox.in/admin-templates/soyuz/html/rtl-light-vertical/assets/flags/1x1/kn.svg]
[themesbox.in/admin-templates/soyuz/html/rtl-light-vertical/assets/flags/4x3/kp.svg]
[themesbox.in/admin-templates/soyuz/html/rtl-light-vertical/assets/flags/1x1/kp.svg]
[themesbox.in/admin-templates/soyuz/html/rtl-light-vertical/assets/flags/4x3/kr.svg]
[themesbox.in/admin-templates/soyuz/html/rtl-light-vertical/assets/flags/1x1/kr.svg]
[themesbox.in/admin-templates/soyuz/html/rtl-light-vertical/assets/flags/4x3/kw.svg]
[themesbox.in/admin-templates/soyuz/html/rtl-light-vertical/assets/flags/1x1/kw.svg]
[themesbox.in/admin-templates/soyuz/html/rtl-light-vertical/assets/flags/4x3/ky.svg]
[themesbox.in/admin-templates/soyuz/html/rtl-light-vertical/assets/flags/1x1/ky.svg]
[themesbox.in/admin-templates/soyuz/html/rtl-light-vertical/assets/flags/4x3/kz.svg]
[themesbox.in/admin-templates/soyuz/html/rtl-light-vertical/assets/flags/1x1/kz.svg]
[themesbox.in/admin-templates/soyuz/html/rtl-light-vertical/assets/flags/4x3/la.svg]
[themesbox.in/admin-templates/soyuz/html/rtl-light-vertical/assets/flags/1x1/la.svg]
[themesbox.in/admin-templates/soyuz/html/rtl-light-vertical/assets/flags/4x3/lb.svg]
[themesbox.in/admin-templates/soyuz/html/rtl-light-vertical/assets/flags/1x1/lb.svg]
[themesbox.in/admin-templates/soyuz/html/rtl-light-vertical/assets/flags/4x3/lc.svg]
[themesbox.in/admin-templates/soyuz/html/rtl-light-vertical/assets/flags/1x1/lc.svg]
[themesbox.in/admin-templates/soyuz/html/rtl-light-vertical/assets/flags/4x3/li.svg]
[themesbox.in/admin-templates/soyuz/html/rtl-light-vertical/assets/flags/1x1/li.svg]
[themesbox.in/admin-templates/soyuz/html/rtl-light-vertical/assets/flags/4x3/lk.svg]
[themesbox.in/admin-templates/soyuz/html/rtl-light-vertical/assets/flags/1x1/lk.svg]
[themesbox.in/admin-templates/soyuz/html/rtl-light-vertical/assets/flags/4x3/lr.svg]
[themesbox.in/admin-templates/soyuz/html/rtl-light-vertical/assets/flags/1x1/lr.svg]
[themesbox.in/admin-templates/soyuz/html/rtl-light-vertical/assets/flags/4x3/ls.svg]
[themesbox.in/admin-templates/soyuz/html/rtl-light-vertical/assets/flags/1x1/ls.svg]
[themesbox.in/admin-templates/soyuz/html/rtl-light-vertical/assets/flags/4x3/lt.svg]
[themesbox.in/admin-templates/soyuz/html/rtl-light-vertical/assets/flags/1x1/lt.svg]
[themesbox.in/admin-templates/soyuz/html/rtl-light-vertical/assets/flags/4x3/lu.svg]
[themesbox.in/admin-templates/soyuz/html/rtl-light-vertical/assets/flags/1x1/lu.svg]
[themesbox.in/admin-templates/soyuz/html/rtl-light-vertical/assets/flags/4x3/lv.svg]
[themesbox.in/admin-templates/soyuz/html/rtl-light-vertical/assets/flags/1x1/lv.svg]
[themesbox.in/admin-templates/soyuz/html/rtl-light-vertical/assets/flags/4x3/ly.svg]
[themesbox.in/admin-templates/soyuz/html/rtl-light-vertical/assets/flags/1x1/ly.svg]
[themesbox.in/admin-templates/soyuz/html/rtl-light-vertical/assets/flags/4x3/ma.svg]
[themesbox.in/admin-templates/soyuz/html/rtl-light-vertical/assets/flags/1x1/ma.svg]
[themesbox.in/admin-templates/soyuz/html/rtl-light-vertical/assets/flags/4x3/mc.svg]
[themesbox.in/admin-templates/soyuz/html/rtl-light-vertical/assets/flags/1x1/mc.svg]
[themesbox.in/admin-templates/soyuz/html/rtl-light-vertical/assets/flags/4x3/md.svg]
[themesbox.in/admin-templates/soyuz/html/rtl-light-vertical/assets/flags/1x1/md.svg]
[themesbox.in/admin-templates/soyuz/html/rtl-light-vertical/assets/flags/4x3/me.svg]
[themesbox.in/admin-templates/soyuz/html/rtl-light-vertical/assets/flags/1x1/me.svg]
[themesbox.in/admin-templates/soyuz/html/rtl-light-vertical/assets/flags/4x3/mf.svg]
[themesbox.in/admin-templates/soyuz/html/rtl-light-vertical/assets/flags/1x1/mf.svg]
[themesbox.in/admin-templates/soyuz/html/rtl-light-vertical/assets/flags/4x3/mg.svg]
[themesbox.in/admin-templates/soyuz/html/rtl-light-vertical/assets/flags/1x1/mg.svg]
[themesbox.in/admin-templates/soyuz/html/rtl-light-vertical/assets/flags/4x3/mh.svg]
[themesbox.in/admin-templates/soyuz/html/rtl-light-vertical/assets/flags/1x1/mh.svg]
[themesbox.in/admin-templates/soyuz/html/rtl-light-vertical/assets/flags/4x3/mk.svg]
[themesbox.in/admin-templates/soyuz/html/rtl-light-vertical/assets/flags/1x1/mk.svg]
[themesbox.in/admin-templates/soyuz/html/rtl-light-vertical/assets/flags/4x3/ml.svg]
[themesbox.in/admin-templates/soyuz/html/rtl-light-vertical/assets/flags/1x1/ml.svg]
[themesbox.in/admin-templates/soyuz/html/rtl-light-vertical/assets/flags/4x3/mm.svg]
[themesbox.in/admin-templates/soyuz/html/rtl-light-vertical/assets/flags/1x1/mm.svg]
[themesbox.in/admin-templates/soyuz/html/rtl-light-vertical/assets/flags/4x3/mn.svg]
[themesbox.in/admin-templates/soyuz/html/rtl-light-vertical/assets/flags/1x1/mn.svg]
[themesbox.in/admin-templates/soyuz/html/rtl-light-vertical/assets/flags/4x3/mo.svg]
[themesbox.in/admin-templates/soyuz/html/rtl-light-vertical/assets/flags/1x1/mo.svg]
[themesbox.in/admin-templates/soyuz/html/rtl-light-vertical/assets/flags/4x3/mp.svg]
[themesbox.in/admin-templates/soyuz/html/rtl-light-vertical/assets/flags/1x1/mp.svg]
[themesbox.in/admin-templates/soyuz/html/rtl-light-vertical/assets/flags/4x3/mq.svg]
[themesbox.in/admin-templates/soyuz/html/rtl-light-vertical/assets/flags/1x1/mq.svg]
[themesbox.in/admin-templates/soyuz/html/rtl-light-vertical/assets/flags/4x3/mr.svg]
[themesbox.in/admin-templates/soyuz/html/rtl-light-vertical/assets/flags/1x1/mr.svg]
[themesbox.in/admin-templates/soyuz/html/rtl-light-vertical/assets/flags/4x3/ms.svg]
[themesbox.in/admin-templates/soyuz/html/rtl-light-vertical/assets/flags/1x1/ms.svg]
[themesbox.in/admin-templates/soyuz/html/rtl-light-vertical/assets/flags/4x3/mt.svg]
[themesbox.in/admin-templates/soyuz/html/rtl-light-vertical/assets/flags/1x1/mt.svg]
[themesbox.in/admin-templates/soyuz/html/rtl-light-vertical/assets/flags/4x3/mu.svg]
[themesbox.in/admin-templates/soyuz/html/rtl-light-vertical/assets/flags/1x1/mu.svg]
[themesbox.in/admin-templates/soyuz/html/rtl-light-vertical/assets/flags/4x3/mv.svg]
[themesbox.in/admin-templates/soyuz/html/rtl-light-vertical/assets/flags/1x1/mv.svg]
[themesbox.in/admin-templates/soyuz/html/rtl-light-vertical/assets/flags/4x3/mw.svg]
[themesbox.in/admin-templates/soyuz/html/rtl-light-vertical/assets/flags/1x1/mw.svg]
[themesbox.in/admin-templates/soyuz/html/rtl-light-vertical/assets/flags/4x3/mx.svg]
[themesbox.in/admin-templates/soyuz/html/rtl-light-vertical/assets/flags/1x1/mx.svg]
[themesbox.in/admin-templates/soyuz/html/rtl-light-vertical/assets/flags/4x3/my.svg]
[themesbox.in/admin-templates/soyuz/html/rtl-light-vertical/assets/flags/1x1/my.svg]
[themesbox.in/admin-templates/soyuz/html/rtl-light-vertical/assets/flags/4x3/mz.svg]
[themesbox.in/admin-templates/soyuz/html/rtl-light-vertical/assets/flags/1x1/mz.svg]
[themesbox.in/admin-templates/soyuz/html/rtl-light-vertical/assets/flags/4x3/na.svg]
[themesbox.in/admin-templates/soyuz/html/rtl-light-vertical/assets/flags/1x1/na.svg]
[themesbox.in/admin-templates/soyuz/html/rtl-light-vertical/assets/flags/4x3/nc.svg]
[themesbox.in/admin-templates/soyuz/html/rtl-light-vertical/assets/flags/1x1/nc.svg]
[themesbox.in/admin-templates/soyuz/html/rtl-light-vertical/assets/flags/4x3/ne.svg]
[themesbox.in/admin-templates/soyuz/html/rtl-light-vertical/assets/flags/1x1/ne.svg]
[themesbox.in/admin-templates/soyuz/html/rtl-light-vertical/assets/flags/4x3/nf.svg]
[themesbox.in/admin-templates/soyuz/html/rtl-light-vertical/assets/flags/1x1/nf.svg]
[themesbox.in/admin-templates/soyuz/html/rtl-light-vertical/assets/flags/4x3/ng.svg]
[themesbox.in/admin-templates/soyuz/html/rtl-light-vertical/assets/flags/1x1/ng.svg]
[themesbox.in/admin-templates/soyuz/html/rtl-light-vertical/assets/flags/4x3/ni.svg]
[themesbox.in/admin-templates/soyuz/html/rtl-light-vertical/assets/flags/1x1/ni.svg]
[themesbox.in/admin-templates/soyuz/html/rtl-light-vertical/assets/flags/4x3/nl.svg]
[themesbox.in/admin-templates/soyuz/html/rtl-light-vertical/assets/flags/1x1/nl.svg]
[themesbox.in/admin-templates/soyuz/html/rtl-light-vertical/assets/flags/4x3/no.svg]
[themesbox.in/admin-templates/soyuz/html/rtl-light-vertical/assets/flags/1x1/no.svg]
[themesbox.in/admin-templates/soyuz/html/rtl-light-vertical/assets/flags/4x3/np.svg]
[themesbox.in/admin-templates/soyuz/html/rtl-light-vertical/assets/flags/1x1/np.svg]
[themesbox.in/admin-templates/soyuz/html/rtl-light-vertical/assets/flags/4x3/nr.svg]
[themesbox.in/admin-templates/soyuz/html/rtl-light-vertical/assets/flags/1x1/nr.svg]
[themesbox.in/admin-templates/soyuz/html/rtl-light-vertical/assets/flags/4x3/nu.svg]
[themesbox.in/admin-templates/soyuz/html/rtl-light-vertical/assets/flags/1x1/nu.svg]
[themesbox.in/admin-templates/soyuz/html/rtl-light-vertical/assets/flags/4x3/nz.svg]
[themesbox.in/admin-templates/soyuz/html/rtl-light-vertical/assets/flags/1x1/nz.svg]
[themesbox.in/admin-templates/soyuz/html/rtl-light-vertical/assets/flags/4x3/om.svg]
[themesbox.in/admin-templates/soyuz/html/rtl-light-vertical/assets/flags/1x1/om.svg]
[themesbox.in/admin-templates/soyuz/html/rtl-light-vertical/assets/flags/4x3/pa.svg]
[themesbox.in/admin-templates/soyuz/html/rtl-light-vertical/assets/flags/1x1/pa.svg]
[themesbox.in/admin-templates/soyuz/html/rtl-light-vertical/assets/flags/4x3/pe.svg]
[themesbox.in/admin-templates/soyuz/html/rtl-light-vertical/assets/flags/1x1/pe.svg]
[themesbox.in/admin-templates/soyuz/html/rtl-light-vertical/assets/flags/4x3/pf.svg]
[themesbox.in/admin-templates/soyuz/html/rtl-light-vertical/assets/flags/1x1/pf.svg]
[themesbox.in/admin-templates/soyuz/html/rtl-light-vertical/assets/flags/4x3/pg.svg]
[themesbox.in/admin-templates/soyuz/html/rtl-light-vertical/assets/flags/1x1/pg.svg]
[themesbox.in/admin-templates/soyuz/html/rtl-light-vertical/assets/flags/4x3/ph.svg]
[themesbox.in/admin-templates/soyuz/html/rtl-light-vertical/assets/flags/1x1/ph.svg]
[themesbox.in/admin-templates/soyuz/html/rtl-light-vertical/assets/flags/4x3/pk.svg]
[themesbox.in/admin-templates/soyuz/html/rtl-light-vertical/assets/flags/1x1/pk.svg]
[themesbox.in/admin-templates/soyuz/html/rtl-light-vertical/assets/flags/4x3/pl.svg]
[themesbox.in/admin-templates/soyuz/html/rtl-light-vertical/assets/flags/1x1/pl.svg]
[themesbox.in/admin-templates/soyuz/html/rtl-light-vertical/assets/flags/4x3/pm.svg]
[themesbox.in/admin-templates/soyuz/html/rtl-light-vertical/assets/flags/1x1/pm.svg]
[themesbox.in/admin-templates/soyuz/html/rtl-light-vertical/assets/flags/4x3/pn.svg]
[themesbox.in/admin-templates/soyuz/html/rtl-light-vertical/assets/flags/1x1/pn.svg]
[themesbox.in/admin-templates/soyuz/html/rtl-light-vertical/assets/flags/4x3/pr.svg]
[themesbox.in/admin-templates/soyuz/html/rtl-light-vertical/assets/flags/1x1/pr.svg]
[themesbox.in/admin-templates/soyuz/html/rtl-light-vertical/assets/flags/4x3/ps.svg]
[themesbox.in/admin-templates/soyuz/html/rtl-light-vertical/assets/flags/1x1/ps.svg]
[themesbox.in/admin-templates/soyuz/html/rtl-light-vertical/assets/flags/4x3/pt.svg]
[themesbox.in/admin-templates/soyuz/html/rtl-light-vertical/assets/flags/1x1/pt.svg]
[themesbox.in/admin-templates/soyuz/html/rtl-light-vertical/assets/flags/4x3/pw.svg]
[themesbox.in/admin-templates/soyuz/html/rtl-light-vertical/assets/flags/1x1/pw.svg]
[themesbox.in/admin-templates/soyuz/html/rtl-light-vertical/assets/flags/4x3/py.svg]
[themesbox.in/admin-templates/soyuz/html/rtl-light-vertical/assets/flags/1x1/py.svg]
[themesbox.in/admin-templates/soyuz/html/rtl-light-vertical/assets/flags/4x3/qa.svg]
[themesbox.in/admin-templates/soyuz/html/rtl-light-vertical/assets/flags/1x1/qa.svg]
[themesbox.in/admin-templates/soyuz/html/rtl-light-vertical/assets/flags/4x3/re.svg]
[themesbox.in/admin-templates/soyuz/html/rtl-light-vertical/assets/flags/1x1/re.svg]
[themesbox.in/admin-templates/soyuz/html/rtl-light-vertical/assets/flags/4x3/ro.svg]
[themesbox.in/admin-templates/soyuz/html/rtl-light-vertical/assets/flags/1x1/ro.svg]
[themesbox.in/admin-templates/soyuz/html/rtl-light-vertical/assets/flags/4x3/rs.svg]
[themesbox.in/admin-templates/soyuz/html/rtl-light-vertical/assets/flags/1x1/rs.svg]
[themesbox.in/admin-templates/soyuz/html/rtl-light-vertical/assets/flags/4x3/ru.svg]
[themesbox.in/admin-templates/soyuz/html/rtl-light-vertical/assets/flags/1x1/ru.svg]
[themesbox.in/admin-templates/soyuz/html/rtl-light-vertical/assets/flags/4x3/rw.svg]
[themesbox.in/admin-templates/soyuz/html/rtl-light-vertical/assets/flags/1x1/rw.svg]
[themesbox.in/admin-templates/soyuz/html/rtl-light-vertical/assets/flags/4x3/sa.svg]
[themesbox.in/admin-templates/soyuz/html/rtl-light-vertical/assets/flags/1x1/sa.svg]
[themesbox.in/admin-templates/soyuz/html/rtl-light-vertical/assets/flags/4x3/sb.svg]
[themesbox.in/admin-templates/soyuz/html/rtl-light-vertical/assets/flags/1x1/sb.svg]
[themesbox.in/admin-templates/soyuz/html/rtl-light-vertical/assets/flags/4x3/sc.svg]
[themesbox.in/admin-templates/soyuz/html/rtl-light-vertical/assets/flags/1x1/sc.svg]
[themesbox.in/admin-templates/soyuz/html/rtl-light-vertical/assets/flags/4x3/sd.svg]
[themesbox.in/admin-templates/soyuz/html/rtl-light-vertical/assets/flags/1x1/sd.svg]
[themesbox.in/admin-templates/soyuz/html/rtl-light-vertical/assets/flags/4x3/se.svg]
[themesbox.in/admin-templates/soyuz/html/rtl-light-vertical/assets/flags/1x1/se.svg]
[themesbox.in/admin-templates/soyuz/html/rtl-light-vertical/assets/flags/4x3/sg.svg]
[themesbox.in/admin-templates/soyuz/html/rtl-light-vertical/assets/flags/1x1/sg.svg]
[themesbox.in/admin-templates/soyuz/html/rtl-light-vertical/assets/flags/4x3/sh.svg]
[themesbox.in/admin-templates/soyuz/html/rtl-light-vertical/assets/flags/1x1/sh.svg]
[themesbox.in/admin-templates/soyuz/html/rtl-light-vertical/assets/flags/4x3/si.svg]
[themesbox.in/admin-templates/soyuz/html/rtl-light-vertical/assets/flags/1x1/si.svg]
[themesbox.in/admin-templates/soyuz/html/rtl-light-vertical/assets/flags/4x3/sj.svg]
[themesbox.in/admin-templates/soyuz/html/rtl-light-vertical/assets/flags/1x1/sj.svg]
[themesbox.in/admin-templates/soyuz/html/rtl-light-vertical/assets/flags/4x3/sk.svg]
[themesbox.in/admin-templates/soyuz/html/rtl-light-vertical/assets/flags/1x1/sk.svg]
[themesbox.in/admin-templates/soyuz/html/rtl-light-vertical/assets/flags/4x3/sl.svg]
[themesbox.in/admin-templates/soyuz/html/rtl-light-vertical/assets/flags/1x1/sl.svg]
[themesbox.in/admin-templates/soyuz/html/rtl-light-vertical/assets/flags/4x3/sm.svg]
[themesbox.in/admin-templates/soyuz/html/rtl-light-vertical/assets/flags/1x1/sm.svg]
[themesbox.in/admin-templates/soyuz/html/rtl-light-vertical/assets/flags/4x3/sn.svg]
[themesbox.in/admin-templates/soyuz/html/rtl-light-vertical/assets/flags/1x1/sn.svg]
[themesbox.in/admin-templates/soyuz/html/rtl-light-vertical/assets/flags/4x3/so.svg]
[themesbox.in/admin-templates/soyuz/html/rtl-light-vertical/assets/flags/1x1/so.svg]
[themesbox.in/admin-templates/soyuz/html/rtl-light-vertical/assets/flags/4x3/sr.svg]
[themesbox.in/admin-templates/soyuz/html/rtl-light-vertical/assets/flags/1x1/sr.svg]
[themesbox.in/admin-templates/soyuz/html/rtl-light-vertical/assets/flags/4x3/ss.svg]
[themesbox.in/admin-templates/soyuz/html/rtl-light-vertical/assets/flags/1x1/ss.svg]
[themesbox.in/admin-templates/soyuz/html/rtl-light-vertical/assets/flags/4x3/st.svg]
[themesbox.in/admin-templates/soyuz/html/rtl-light-vertical/assets/flags/1x1/st.svg]
[themesbox.in/admin-templates/soyuz/html/rtl-light-vertical/assets/flags/4x3/sv.svg]
[themesbox.in/admin-templates/soyuz/html/rtl-light-vertical/assets/flags/1x1/sv.svg]
[themesbox.in/admin-templates/soyuz/html/rtl-light-vertical/assets/flags/4x3/sx.svg]
[themesbox.in/admin-templates/soyuz/html/rtl-light-vertical/assets/flags/1x1/sx.svg]
[themesbox.in/admin-templates/soyuz/html/rtl-light-vertical/assets/flags/4x3/sy.svg]
[themesbox.in/admin-templates/soyuz/html/rtl-light-vertical/assets/flags/1x1/sy.svg]
[themesbox.in/admin-templates/soyuz/html/rtl-light-vertical/assets/flags/4x3/sz.svg]
[themesbox.in/admin-templates/soyuz/html/rtl-light-vertical/assets/flags/1x1/sz.svg]
[themesbox.in/admin-templates/soyuz/html/rtl-light-vertical/assets/flags/4x3/tc.svg]
[themesbox.in/admin-templates/soyuz/html/rtl-light-vertical/assets/flags/1x1/tc.svg]
[themesbox.in/admin-templates/soyuz/html/rtl-light-vertical/assets/flags/4x3/td.svg]
[themesbox.in/admin-templates/soyuz/html/rtl-light-vertical/assets/flags/1x1/td.svg]
[themesbox.in/admin-templates/soyuz/html/rtl-light-vertical/assets/flags/4x3/tf.svg]
[themesbox.in/admin-templates/soyuz/html/rtl-light-vertical/assets/flags/1x1/tf.svg]
[themesbox.in/admin-templates/soyuz/html/rtl-light-vertical/assets/flags/4x3/tg.svg]
[themesbox.in/admin-templates/soyuz/html/rtl-light-vertical/assets/flags/1x1/tg.svg]
[themesbox.in/admin-templates/soyuz/html/rtl-light-vertical/assets/flags/4x3/th.svg]
[themesbox.in/admin-templates/soyuz/html/rtl-light-vertical/assets/flags/1x1/th.svg]
[themesbox.in/admin-templates/soyuz/html/rtl-light-vertical/assets/flags/4x3/tj.svg]
[themesbox.in/admin-templates/soyuz/html/rtl-light-vertical/assets/flags/1x1/tj.svg]
[themesbox.in/admin-templates/soyuz/html/rtl-light-vertical/assets/flags/4x3/tk.svg]
[themesbox.in/admin-templates/soyuz/html/rtl-light-vertical/assets/flags/1x1/tk.svg]
[themesbox.in/admin-templates/soyuz/html/rtl-light-vertical/assets/flags/4x3/tl.svg]
[themesbox.in/admin-templates/soyuz/html/rtl-light-vertical/assets/flags/1x1/tl.svg]
[themesbox.in/admin-templates/soyuz/html/rtl-light-vertical/assets/flags/4x3/tm.svg]
[themesbox.in/admin-templates/soyuz/html/rtl-light-vertical/assets/flags/1x1/tm.svg]
[themesbox.in/admin-templates/soyuz/html/rtl-light-vertical/assets/flags/4x3/tn.svg]
[themesbox.in/admin-templates/soyuz/html/rtl-light-vertical/assets/flags/1x1/tn.svg]
[themesbox.in/admin-templates/soyuz/html/rtl-light-vertical/assets/flags/4x3/to.svg]
[themesbox.in/admin-templates/soyuz/html/rtl-light-vertical/assets/flags/1x1/to.svg]
[themesbox.in/admin-templates/soyuz/html/rtl-light-vertical/assets/flags/4x3/tr.svg]
[themesbox.in/admin-templates/soyuz/html/rtl-light-vertical/assets/flags/1x1/tr.svg]
[themesbox.in/admin-templates/soyuz/html/rtl-light-vertical/assets/flags/4x3/tt.svg]
[themesbox.in/admin-templates/soyuz/html/rtl-light-vertical/assets/flags/1x1/tt.svg]
[themesbox.in/admin-templates/soyuz/html/rtl-light-vertical/assets/flags/4x3/tv.svg]
[themesbox.in/admin-templates/soyuz/html/rtl-light-vertical/assets/flags/1x1/tv.svg]
[themesbox.in/admin-templates/soyuz/html/rtl-light-vertical/assets/flags/4x3/tw.svg]
[themesbox.in/admin-templates/soyuz/html/rtl-light-vertical/assets/flags/1x1/tw.svg]
[themesbox.in/admin-templates/soyuz/html/rtl-light-vertical/assets/flags/4x3/tz.svg]
[themesbox.in/admin-templates/soyuz/html/rtl-light-vertical/assets/flags/1x1/tz.svg]
[themesbox.in/admin-templates/soyuz/html/rtl-light-vertical/assets/flags/4x3/ua.svg]
[themesbox.in/admin-templates/soyuz/html/rtl-light-vertical/assets/flags/1x1/ua.svg]
[themesbox.in/admin-templates/soyuz/html/rtl-light-vertical/assets/flags/4x3/ug.svg]
[themesbox.in/admin-templates/soyuz/html/rtl-light-vertical/assets/flags/1x1/ug.svg]
[themesbox.in/admin-templates/soyuz/html/rtl-light-vertical/assets/flags/4x3/um.svg]
[themesbox.in/admin-templates/soyuz/html/rtl-light-vertical/assets/flags/1x1/um.svg]
[themesbox.in/admin-templates/soyuz/html/rtl-light-vertical/assets/flags/4x3/us.svg]
[themesbox.in/admin-templates/soyuz/html/rtl-light-vertical/assets/flags/1x1/us.svg]
[themesbox.in/admin-templates/soyuz/html/rtl-light-vertical/assets/flags/4x3/uy.svg]
[themesbox.in/admin-templates/soyuz/html/rtl-light-vertical/assets/flags/1x1/uy.svg]
[themesbox.in/admin-templates/soyuz/html/rtl-light-vertical/assets/flags/4x3/uz.svg]
[themesbox.in/admin-templates/soyuz/html/rtl-light-vertical/assets/flags/1x1/uz.svg]
[themesbox.in/admin-templates/soyuz/html/rtl-light-vertical/assets/flags/4x3/va.svg]
[themesbox.in/admin-templates/soyuz/html/rtl-light-vertical/assets/flags/1x1/va.svg]
[themesbox.in/admin-templates/soyuz/html/rtl-light-vertical/assets/flags/4x3/vc.svg]
[themesbox.in/admin-templates/soyuz/html/rtl-light-vertical/assets/flags/1x1/vc.svg]
[themesbox.in/admin-templates/soyuz/html/rtl-light-vertical/assets/flags/4x3/ve.svg]
[themesbox.in/admin-templates/soyuz/html/rtl-light-vertical/assets/flags/1x1/ve.svg]
[themesbox.in/admin-templates/soyuz/html/rtl-light-vertical/assets/flags/4x3/vg.svg]
[themesbox.in/admin-templates/soyuz/html/rtl-light-vertical/assets/flags/1x1/vg.svg]
[themesbox.in/admin-templates/soyuz/html/rtl-light-vertical/assets/flags/4x3/vi.svg]
[themesbox.in/admin-templates/soyuz/html/rtl-light-vertical/assets/flags/1x1/vi.svg]
[themesbox.in/admin-templates/soyuz/html/rtl-light-vertical/assets/flags/4x3/vn.svg]
[themesbox.in/admin-templates/soyuz/html/rtl-light-vertical/assets/flags/1x1/vn.svg]
[themesbox.in/admin-templates/soyuz/html/rtl-light-vertical/assets/flags/4x3/vu.svg]
[themesbox.in/admin-templates/soyuz/html/rtl-light-vertical/assets/flags/1x1/vu.svg]
[themesbox.in/admin-templates/soyuz/html/rtl-light-vertical/assets/flags/4x3/wf.svg]
[themesbox.in/admin-templates/soyuz/html/rtl-light-vertical/assets/flags/1x1/wf.svg]
[themesbox.in/admin-templates/soyuz/html/rtl-light-vertical/assets/flags/4x3/ws.svg]
[themesbox.in/admin-templates/soyuz/html/rtl-light-vertical/assets/flags/1x1/ws.svg]
[themesbox.in/admin-templates/soyuz/html/rtl-light-vertical/assets/flags/4x3/ye.svg]
[themesbox.in/admin-templates/soyuz/html/rtl-light-vertical/assets/flags/1x1/ye.svg]
[themesbox.in/admin-templates/soyuz/html/rtl-light-vertical/assets/flags/4x3/yt.svg]
[themesbox.in/admin-templates/soyuz/html/rtl-light-vertical/assets/flags/1x1/yt.svg]
[themesbox.in/admin-templates/soyuz/html/rtl-light-vertical/assets/flags/4x3/za.svg]
[themesbox.in/admin-templates/soyuz/html/rtl-light-vertical/assets/flags/1x1/za.svg]
[themesbox.in/admin-templates/soyuz/html/rtl-light-vertical/assets/flags/4x3/zm.svg]
[themesbox.in/admin-templates/soyuz/html/rtl-light-vertical/assets/flags/1x1/zm.svg]
[themesbox.in/admin-templates/soyuz/html/rtl-light-vertical/assets/flags/4x3/zw.svg]
[themesbox.in/admin-templates/soyuz/html/rtl-light-vertical/assets/flags/1x1/zw.svg]
[themesbox.in/admin-templates/soyuz/html/rtl-light-vertical/assets/flags/4x3/es-ct.svg]
[themesbox.in/admin-templates/soyuz/html/rtl-light-vertical/assets/flags/1x1/es-ct.svg]
[themesbox.in/admin-templates/soyuz/html/rtl-light-vertical/assets/flags/4x3/eu.svg]
[themesbox.in/admin-templates/soyuz/html/rtl-light-vertical/assets/flags/1x1/eu.svg]
[themesbox.in/admin-templates/soyuz/html/rtl-light-vertical/assets/flags/4x3/gb-eng.svg]
[themesbox.in/admin-templates/soyuz/html/rtl-light-vertical/assets/flags/1x1/gb-eng.svg]
[themesbox.in/admin-templates/soyuz/html/rtl-light-vertical/assets/flags/4x3/gb-nir.svg]
[themesbox.in/admin-templates/soyuz/html/rtl-light-vertical/assets/flags/1x1/gb-nir.svg]
[themesbox.in/admin-templates/soyuz/html/rtl-light-vertical/assets/flags/4x3/gb-sct.svg]
[themesbox.in/admin-templates/soyuz/html/rtl-light-vertical/assets/flags/1x1/gb-sct.svg]
[themesbox.in/admin-templates/soyuz/html/rtl-light-vertical/assets/flags/4x3/gb-wls.svg]
[themesbox.in/admin-templates/soyuz/html/rtl-light-vertical/assets/flags/1x1/gb-wls.svg]
[themesbox.in/admin-templates/soyuz/html/rtl-light-vertical/assets/flags/4x3/un.svg]
[themesbox.in/admin-templates/soyuz/html/rtl-light-vertical/assets/flags/1x1/un.svg]
[themesbox.in/admin-templates/soyuz/html/rtl-light-vertical/assets/flags/4x3/xk.svg]
[themesbox.in/admin-templates/soyuz/html/rtl-light-vertical/assets/flags/1x1/xk.svg]
[themesbox.in/admin-templates/soyuz/html/rtl-light-vertical/assets/fonts/ionicons6c3c.svg]
[themesbox.in/admin-templates/soyuz/html/rtl-light-vertical/assets/images/authentication/authentication-bg.svg]
[themesbox.in/admin-templates/soyuz/html/rtl-light-vertical/assets/plugins/apexcharts/apexcharts.css]
[themesbox.in/admin-templates/soyuz/html/rtl-light-vertical/assets/plugins/jvectormap/jquery-jvectormap-2.0.2.css]
[themesbox.in/admin-templates/soyuz/html/rtl-light-vertical/assets/plugins/slick/slick.css]
[themesbox.in/admin-templates/soyuz/html/rtl-light-vertical/assets/plugins/slick/slick-theme.css]
[themesbox.in/admin-templates/soyuz/html/rtl-light-vertical/assets/plugins/slick/fonts/slick.eot]
[themesbox.in/admin-templates/soyuz/html/rtl-light-vertical/assets/plugins/dragula/dragula.min.css]
[themesbox.in/admin-templates/soyuz/html/rtl-light-vertical/assets/plugins/slick/ajax-loader.gif]
[themesbox.in/admin-templates/soyuz/html/rtl-light-vertical/assets/plugins/slick/fonts/slickd41d.eot]
[themesbox.in/admin-templates/soyuz/html/rtl-light-vertical/assets/plugins/slick/fonts/slick.woff]
[themesbox.in/admin-templates/soyuz/html/rtl-light-vertical/assets/images/general/sun.svg]
[themesbox.in/admin-templates/soyuz/html/rtl-light-vertical/assets/plugins/ion-rangeSlider/ion.rangeSlider.css]
[themesbox.in/admin-templates/soyuz/html/rtl-light-vertical/assets/images/ecommerce/product_01.svg]
[themesbox.in/admin-templates/soyuz/html/rtl-light-vertical/assets/images/ecommerce/product_02.svg]
[themesbox.in/admin-templates/soyuz/html/rtl-light-vertical/assets/images/ecommerce/product_03.svg]
[themesbox.in/admin-templates/soyuz/html/rtl-light-vertical/page-checkout.html]
[themesbox.in/admin-templates/soyuz/html/rtl-light-vertical/assets/images/ecommerce/thankyou.svg]
[themesbox.in/admin-templates/soyuz/html/rtl-light-vertical/my-account.html]
[themesbox.in/admin-templates/soyuz/html/rtl-light-vertical/assets/images/ecommerce/wallet.svg]
[themesbox.in/admin-templates/soyuz/html/rtl-light-vertical/assets/images/ecommerce/logout.svg]
[themesbox.in/admin-templates/soyuz/html/rtl-light-vertical/assets/plugins/datatables/dataTables.bootstrap4.min.css]
[themesbox.in/admin-templates/soyuz/html/rtl-light-vertical/assets/plugins/datatables/buttons.bootstrap4.min.css]
[themesbox.in/admin-templates/soyuz/html/rtl-light-vertical/assets/plugins/datatables/responsive.bootstrap4.min.css]
[themesbox.in/admin-templates/soyuz/html/rtl-light-vertical/assets/images/ecommerce/product_04.svg]
[themesbox.in/admin-templates/soyuz/html/rtl-light-vertical/assets/plugins/summernote/summernote-bs4.css]
[themesbox.in/admin-templates/soyuz/html/rtl-light-vertical/assets/plugins/slick/fonts/slick.ttf]
[themesbox.in/admin-templates/soyuz/html/rtl-light-vertical/assets/plugins/dropzone/dist/dropzone.css]
[themesbox.in/admin-templates/soyuz/html/rtl-light-vertical/assets/plugins/summernote/font/summernote291f.eot]
[themesbox.in/admin-templates/soyuz/html/rtl-light-vertical/assets/plugins/summernote/font/summernoted41d.eot]
[themesbox.in/admin-templates/soyuz/html/rtl-light-vertical/assets/images/general/doctor.svg]
[themesbox.in/admin-templates/soyuz/html/rtl-light-vertical/assets/plugins/animate/animate.css]
[themesbox.in/admin-templates/soyuz/html/rtl-light-vertical/assets/plugins/cropperjs/cropper.css]
[themesbox.in/admin-templates/soyuz/html/rtl-light-vertical/assets/plugins/cropperjs/main.css]
[themesbox.in/admin-templates/soyuz/html/rtl-light-vertical/cropped.html]
[themesbox.in/admin-templates/soyuz/html/rtl-light-vertical/assets/plugins/jquery-confirm/css/jquery-confirm.css]
[themesbox.in/admin-templates/soyuz/html/rtl-light-vertical/assets/plugins/nestable/jquery.nestable.min.css]
[themesbox.in/admin-templates/soyuz/html/rtl-light-vertical/assets/plugins/pnotify/css/pnotify.custom.min.css]
[themesbox.in/admin-templates/soyuz/html/rtl-light-vertical/assets/plugins/sweet-alert2/sweetalert2.min.css]
[themesbox.in/admin-templates/soyuz/html/rtl-light-vertical/assets/plugins/toolbar/jquery.toolbar.css]
[themesbox.in/admin-templates/soyuz/html/rtl-light-vertical/assets/plugins/product-tour/product-tour.min.css]
[themesbox.in/admin-templates/soyuz/html/rtl-light-vertical/assets/plugins/summernote/font/summernote291f.ttf]
[themesbox.in/admin-templates/soyuz/html/rtl-light-vertical/assets/plugins/summernote/font/summernote291f.woff]
[themesbox.in/admin-templates/soyuz/html/rtl-light-vertical/assets/plugins/jstree/32px.png]
[themesbox.in/admin-templates/soyuz/html/rtl-light-vertical/assets/plugins/jstree/throbber.gif]
[themesbox.in/admin-templates/soyuz/html/rtl-light-vertical/assets/plugins/jstree/40px.png]
[themesbox.in/admin-templates/soyuz/html/rtl-light-vertical/assets/plugins/jstree/jstree.min.css]
[themesbox.in/admin-templates/soyuz/html/rtl-light-vertical/assets/plugins/fullcalendar/css/fullcalendar.min.css]
[themesbox.in/admin-templates/soyuz/html/rtl-light-vertical/assets/images/ui-onboard/unboard.svg]
[themesbox.in/admin-templates/soyuz/html/rtl-light-vertical/assets/images/ui-onboard/responsive.svg]
[themesbox.in/admin-templates/soyuz/html/rtl-light-vertical/assets/images/ui-onboard/customisable.svg]
[themesbox.in/admin-templates/soyuz/html/rtl-light-vertical/assets/images/ui-onboard/easily-editable-code.svg]
[themesbox.in/admin-templates/soyuz/html/rtl-light-vertical/assets/images/ui-onboard/unique-widgets.svg]
[themesbox.in/admin-templates/soyuz/html/rtl-light-vertical/assets/plugins/colorpicker/bootstrap-colorpicker.css]
[themesbox.in/admin-templates/soyuz/html/rtl-light-vertical/assets/plugins/datepicker/datepicker.min.css]
[themesbox.in/admin-templates/soyuz/html/rtl-light-vertical/assets/plugins/code-mirror/codemirror.css]
[themesbox.in/admin-templates/soyuz/html/rtl-light-vertical/assets/plugins/select2/select2.min.css]
[themesbox.in/admin-templates/soyuz/html/rtl-light-vertical/assets/plugins/bootstrap-tagsinput/bootstrap-tagsinput.css]
[themesbox.in/admin-templates/soyuz/html/rtl-light-vertical/assets/plugins/bootstrap-tagsinput/bootstrap-tagsinput-typeahead.css]
[themesbox.in/admin-templates/soyuz/html/rtl-light-vertical/assets/plugins/bootstrap-touchspin/jquery.bootstrap-touchspin.min.css]
[themesbox.in/admin-templates/soyuz/html/rtl-light-vertical/assets/plugins/bootstrap-xeditable/img/loading.gif]
[themesbox.in/admin-templates/soyuz/html/rtl-light-vertical/assets/plugins/bootstrap-xeditable/img/clear.png]
[themesbox.in/admin-templates/soyuz/html/rtl-light-vertical/assets/plugins/bootstrap-xeditable/css/bootstrap-editable.css]
[themesbox.in/admin-templates/soyuz/html/rtl-light-vertical/assets/plugins/c3/c3.min.css]
[themesbox.in/admin-templates/soyuz/html/rtl-light-vertical/assets/plugins/chartist-js/chartist.min.css]
[themesbox.in/admin-templates/soyuz/html/rtl-light-vertical/assets/plugins/morris/morris.css]
[themesbox.in/admin-templates/soyuz/html/rtl-light-vertical/assets/plugins/footable/css/footable.bootstrap.min.css]
[themesbox.in/admin-templates/soyuz/html/rtl-light-vertical/assets/plugins/rwd-table-patterns/rwd-table.min.css]
[themesbox.in/admin-templates/soyuz/html/rtl-light-vertical/assets/images/general/signature.svg]
[themesbox.in/admin-templates/soyuz/html/rtl-light-vertical/assets/images/pricing/pricing-starter.svg]
[themesbox.in/admin-templates/soyuz/html/rtl-light-vertical/assets/images/pricing/pricing-premium.svg]
[themesbox.in/admin-templates/soyuz/html/rtl-light-vertical/assets/images/pricing/pricing-ultimate.svg]
[themesbox.in/admin-templates/soyuz/html/rtl-light-vertical/assets/plugins/vertical-timeline/vertical-timeline.css]
[themesbox.in/admin-templates/soyuz/html/rtl-light-vertical/assets/images/error/coming-soon.svg]
[themesbox.in/admin-templates/soyuz/html/rtl-light-vertical/assets/images/error/maintenance.svg]
[themesbox.in/admin-templates/soyuz/html/rtl-light-vertical/assets/images/error/404.svg]
[themesbox.in/admin-templates/soyuz/html/rtl-light-vertical/assets/images/error/internal-server.svg]
[themesbox.in/admin-templates/soyuz/html/rtl-light-vertical/assets/plugins/slick/fonts/slick.svg]
